Microchip MPLAB XC8 Compiler V1.33 ()

Linker command line:

--edf=C:\Program Files (x86)\Microchip\xc8\v1.33\dat\en_msgs.txt -cs \
  -h+PIC16F877A.sym --cmf=PIC16F877A.cmf -z -Q16F877A \
  -oC:\Users\332414\AppData\Local\Temp\s7ag.6 -MPIC16F877A.map -E1 -ver=XC8 \
  -ASTACK=0110h-016fh -pstack=STACK -ACONST=00h-0FFhx32 -ACODE=00h-07FFhx4 \
  -ASTRCODE=00h-01FFFh -AENTRY=00h-0FFhx32 -ASTRING=00h-0FFhx32 \
  -ACOMMON=070h-07Fh -ABANK0=020h-06Fh -ABANK1=0A0h-0EFh \
  -ABANK2=0110h-016Fh -ABANK3=0190h-01EFh \
  -ARAM=020h-06Fh,0A0h-0EFh,0110h-016Fh,0190h-01EFh \
  -AABS1=020h-07Fh,0A0h-0EFh,0110h-016Fh,0190h-01EFh -ASFR0=00h-01Fh \
  -ASFR1=080h-09Fh -ASFR2=0100h-010Fh -ASFR3=0180h-018Fh \
  -preset_vec=00h,intentry=04h,init,end_init -ppowerup=CODE -pcinit=CODE \
  -pfunctab=CODE -ACONFIG=02007h-02007h -pconfig=CONFIG -DCONFIG=2 \
  -AIDLOC=02000h-02003h -pidloc=IDLOC -DIDLOC=2 -AEEDATA=00h-0FFh/02100h \
  -peeprom_data=EEDATA -DEEDATA=2 -DCODE=2 -DSTRCODE=2 -DSTRING=2 -DCONST=2 \
  -DENTRY=2 -k startup.obj PIC16F877A.obj 

Object code version is 3.11

Machine type is 16F877A



                Name                               Link     Load   Length Selector   Space Scale
startup.obj     end_init                             12       12        3        8       0
                reset_vec                             0        0        3        0       0
                config                             2007     2007        1     400E       0
PIC16F877A.obj  cinit                                15       15        B        8       0
                functab                             100      100        9        2       0
                intentry                              4        4        E        8       0
                text35                              D58      D58       68     1AB0       0
                text34                               20       20       D3        8       0
                text33                              E2B      E2B       8E     1C56       0
                text32                              AAE      AAE       14     155C       0
                text31                              6D3      6D3      109        2       0
                text30                              F48      F48       B8     1E90       0
                text29                              CFB      CFB       5D     19F6       0
                text28                              A77      A77        A     14EE       0
                text27                              35C      35C      144        2       0
                text26                              AF0      AF0       1B     15E0       0
                text25                              A61      A61        6     14C2       0
                text24                              4A0      4A0      127        2       0
                text23                              A9C      A9C       12     1538       0
                text22                              AC2      AC2       17     1584       0
                text21                              BB1      BB1       29     1762       0
                text20                              B2A      B2A       20     1654       0
                text19                              DC0      DC0       6B     1B80       0
                text18                              AD9      AD9       17     15B2       0
                text17                              BDA      BDA       31     17B4       0
                text16                              B4A      B4A       21     1694       0
                text15                              B6B      B6B       21     16D6       0
                text14                              7DC      7DC       24        2       0
                text13                              A81      A81        B     1502       0
                text12                              A67      A67        8     14CE       0
                text11                              EB9      EB9       8F     1D72       0
                text10                              CB2      CB2       49     1964       0
                text9                                F3       F3        D        8       0
                text8                               C0B      C0B       31     1816       0
                text7                               C72      C72       40     18E4       0
                text6                               C3C      C3C       36     1878       0
                text5                               B8C      B8C       25     1718       0
                text4                               A8C      A8C       10     1518       0
                text3                                 3        3        1        0       0
                text2                               109      109      253        2       0
                text1                               B0B      B0B       1F     1616       0
                maintext                            5C7      5C7      10C        2       0
                cstackBANK0                          20       20       50       20       1
                cstackCOMMON                         70       70        E       70       1
                cstackBANK1                          A0       A0       2C       A0       1
                clrtext                             A6F      A6F        8     14DE       0
                bssBANK1                             CC       CC       1B       A0       1
                strings                             800      800       99     1000       0

TOTAL           Name                               Link     Load   Length     Space
        CLASS   STACK          

        CLASS   CONST          

        CLASS   CODE           
                end_init                             12       12        3         0
                cinit                                15       15        B         0
                functab                             100      100        9         0
                intentry                              4        4        E         0
                reset_vec                             0        0        3         0
                text35                              D58      D58       68         0
                text34                               20       20       D3         0
                text33                              E2B      E2B       8E         0
                text32                              AAE      AAE       14         0
                text31                              6D3      6D3      109         0
                text30                              F48      F48       B8         0
                text29                              CFB      CFB       5D         0
                text28                              A77      A77        A         0
                text27                              35C      35C      144         0
                text26                              AF0      AF0       1B         0
                text25                              A61      A61        6         0
                text24                              4A0      4A0      127         0
                text23                              A9C      A9C       12         0
                text22                              AC2      AC2       17         0
                text21                              BB1      BB1       29         0
                text20                              B2A      B2A       20         0
                text19                              DC0      DC0       6B         0
                text18                              AD9      AD9       17         0
                text17                              BDA      BDA       31         0
                text16                              B4A      B4A       21         0
                text15                              B6B      B6B       21         0
                text14                              7DC      7DC       24         0
                text13                              A81      A81        B         0
                text12                              A67      A67        8         0
                text11                              EB9      EB9       8F         0
                text10                              CB2      CB2       49         0
                text9                                F3       F3        D         0
                text8                               C0B      C0B       31         0
                text7                               C72      C72       40         0
                text6                               C3C      C3C       36         0
                text5                               B8C      B8C       25         0
                text4                               A8C      A8C       10         0
                text3                                 3        3        1         0
                text2                               109      109      253         0
                text1                               B0B      B0B       1F         0
                maintext                            5C7      5C7      10C         0
                clrtext                             A6F      A6F        8         0

        CLASS   STRCODE        

        CLASS   ENTRY          

        CLASS   STRING         
                strings                             800      800       99         0

        CLASS   COMMON         
                cstackCOMMON                         70       70        E         1

        CLASS   BANK0          
                cstackBANK0                          20       20       50         1

        CLASS   BANK1          
                cstackBANK1                          A0       A0       2C         1
                bssBANK1                             CC       CC       1B         1

        CLASS   BANK2          

        CLASS   BANK3          

        CLASS   RAM            

        CLASS   ABS1           
                abs_s1                               7E       7E        2         1

        CLASS   SFR0           

        CLASS   SFR1           

        CLASS   SFR2           

        CLASS   SFR3           

        CLASS   CONFIG         
                config                             2007     2007        1         0

        CLASS   IDLOC          

        CLASS   EEDATA         



SEGMENTS        Name                           Load    Length   Top    Selector   Space  Class     Delta

                reset_vec                      000000  000004  000004         0       0  CODE        2
                intentry                       000004  0000FC  000100         8       0  CODE        2
                cstackBANK0                    000020  000050  000070        20       1  BANK0       1
                cstackCOMMON                   000070  00000E  00007E        70       1  COMMON      1
                cstackBANK1                    0000A0  000047  0000E7        A0       1  BANK1       1
                functab                        000100  000700  000800         2       0  CODE        2
                strings                        000800  000099  000899      1000       0  STRING      2
                text25                         000A61  000006  000A67      14C2       0  CODE        2
                text12                         000A67  000008  000A6F      14CE       0  CODE        2
                clrtext                        000A6F  000008  000A77      14DE       0  CODE        2
                text28                         000A77  00000A  000A81      14EE       0  CODE        2
                text13                         000A81  00000B  000A8C      1502       0  CODE        2
                text4                          000A8C  000010  000A9C      1518       0  CODE        2
                text23                         000A9C  000012  000AAE      1538       0  CODE        2
                text32                         000AAE  000014  000AC2      155C       0  CODE        2
                text22                         000AC2  000017  000AD9      1584       0  CODE        2
                text18                         000AD9  000017  000AF0      15B2       0  CODE        2
                text26                         000AF0  00001B  000B0B      15E0       0  CODE        2
                text1                          000B0B  00001F  000B2A      1616       0  CODE        2
                text20                         000B2A  000020  000B4A      1654       0  CODE        2
                text16                         000B4A  000021  000B6B      1694       0  CODE        2
                text15                         000B6B  000021  000B8C      16D6       0  CODE        2
                text5                          000B8C  000025  000BB1      1718       0  CODE        2
                text21                         000BB1  000029  000BDA      1762       0  CODE        2
                text17                         000BDA  000031  000C0B      17B4       0  CODE        2
                text8                          000C0B  000031  000C3C      1816       0  CODE        2
                text6                          000C3C  000036  000C72      1878       0  CODE        2
                text7                          000C72  000040  000CB2      18E4       0  CODE        2
                text10                         000CB2  000049  000CFB      1964       0  CODE        2
                text29                         000CFB  00005D  000D58      19F6       0  CODE        2
                text35                         000D58  000068  000DC0      1AB0       0  CODE        2
                text19                         000DC0  00006B  000E2B      1B80       0  CODE        2
                text33                         000E2B  00008E  000EB9      1C56       0  CODE        2
                text11                         000EB9  00008F  000F48      1D72       0  CODE        2
                text30                         000F48  0000B8  001000      1E90       0  CODE        2
                config                         002007  000001  002008      400E       0  CONFIG      2


UNUSED ADDRESS RANGES

        Name                Unused          Largest block    Delta
        BANK1            00E7-00EF              9           1
        BANK2            0110-016F             60           1
        BANK3            0190-01EF             60           1
        CODE             0899-0A60            1C8           2
                         1000-1FFF            800
        CONST            0899-0A60            100           2
                         1000-1FFF            100
        EEDATA           2100-21FF            100           2
        ENTRY            0899-0A60            100           2
                         1000-1FFF            100
        IDLOC            2000-2003              4           2
        RAM              00E7-00EF              9           1
                         0110-016F             60
                         0190-01EF             60
        SFR0             0000-001F             20           1
        SFR1             0080-009F             20           1
        SFR2             0100-010F             10           1
        SFR3             0180-018F             10           1
        STACK            0110-016F             60           1
        STRCODE          0899-0A60            1C8           2
                         1000-1FFF           1000
        STRING           0899-0A60            100           2
                         1000-1FFF            100

                                  Symbol Table

?___aldiv                   cstackBANK1  00A3
?___ftadd                   cstackBANK0  0023
?___ftdiv                   cstackBANK0  0030
?___ftmul                   cstackBANK0  004C
?___ftneg                   cstackBANK0  0020
?___ftpack                  cstackCOMMON 0070
?___fttol                   cstackBANK0  005C
?___lwdiv                   cstackBANK1  00A3
?___lwmod                   cstackBANK1  00AB
?___lwtoft                  cstackCOMMON 0078
?___wmul                    cstackBANK1  00A3
?__doprnt                   cstackBANK1  00B1
?_sprintf                   cstackBANK1  00C0
?_triangular                cstackBANK0  0040
LCD_Cursor@Col              cstackBANK1  00A3
LCD_Cursor@Row              cstackBANK1  00A5
LCD_WriteCmd@Byte           cstackBANK1  00A4
LCD_WriteData@Byte          cstackBANK1  00A4
LCD_WriteString@Str         cstackBANK1  00A5
PWM_DutyCycle1@valor        cstackBANK1  00A3
PWM_DutyCycle2@valor        cstackBANK1  00A3
TIMER0_Set@contagens        cstackBANK1  00A3
USART_Init@BaudRate         cstackBANK1  00B2
USART_WriteChar@byte        cstackBANK1  00A3
USART_WriteString@str       cstackBANK1  00A4
_ADCON0bits                 (abs)        001F
_ADCON1bits                 (abs)        009F
_ADCResult                  bssBANK1     00CF
_ADC_Init                   text23       0A9C
_ADRESH                     (abs)        001E
_ADRESL                     (abs)        009E
_CCP1CON                    (abs)        0017
_CCP1CONbits                (abs)        0017
_CCP2CON                    (abs)        001D
_CCP2CONbits                (abs)        001D
_CCPR1L                     (abs)        0015
_CCPR2L                     (abs)        001B
_EEADR                      (abs)        010D
_EECON1bits                 (abs)        018C
_EECON2                     (abs)        018D
_EEDATA                     (abs)        010C
_INTCONbits                 (abs)        000B
_ISR                        text24       04A0
_ISR$1731                   cstackBANK1  00A0
_LCD_Clear                  text21       0BB1
_LCD_Cursor                 text20       0B2A
_LCD_Init                   text19       0DC0
_LCD_WriteCmd               text22       0AC2
_LCD_WriteData              text18       0AD9
_LCD_WriteString            text17       0BDA
_OERR                       (abs)        00C1
_OPTION_REGbits             (abs)        0081
_PIE1bits                   (abs)        008C
_PIE2bits                   (abs)        008D
_PIR1bits                   (abs)        000C
_PIR2bits                   (abs)        000D
_PORTA                      (abs)        0005
_PORTB                      (abs)        0006
_PORTBbits                  (abs)        0006
_PORTC                      (abs)        0007
_PORTD                      (abs)        0008
_PORTE                      (abs)        0009
_PORTEbits                  (abs)        0009
_PR2                        (abs)        0092
_PWM_DutyCycle1             text16       0B4A
_PWM_DutyCycle2             text15       0B6B
_PWM_Init                   text14       07DC
_RCREG                      (abs)        001A
_RCSTAbits                  (abs)        0018
_SPBRG                      (abs)        0099
_SSPADD                     (abs)        0093
_SSPBUF                     (abs)        0013
_SSPCON2                    (abs)        0091
_SSPCON2bits                (abs)        0091
_SSPCONbits                 (abs)        0014
_SSPSTATbits                (abs)        0094
_T1CON                      (abs)        0010
_T1CONbits                  (abs)        0010
_T2CONbits                  (abs)        0012
_TIMER0_Init                text13       0A81
_TIMER0_Set                 text12       0A67
_TMR0                       (abs)        0001
_TMR1                       (abs)        000E
_TMR1H                      (abs)        000F
_TMR1L                      (abs)        000E
_TRISA                      (abs)        0085
_TRISB                      (abs)        0086
_TRISC                      (abs)        0087
_TRISD                      (abs)        0088
_TRISE                      (abs)        0089
_TXREG                      (abs)        0019
_TXSTAbits                  (abs)        0098
_USART_Init                 text10       0CB2
_USART_WriteChar            text9        00F3
_USART_WriteString          text8        0C0B
__CFG_BOREN$OFF             (abs)        0000
__CFG_CP$OFF                (abs)        0000
__CFG_CPD$OFF               (abs)        0000
__CFG_FOSC$HS               (abs)        0000
__CFG_LVP$OFF               (abs)        0000
__CFG_PWRTE$ON              (abs)        0000
__CFG_WDTE$OFF              (abs)        0000
__Habs1                     abs1         0000
__Hbank0                    bank0        0000
__Hbank1                    bank1        0000
__Hbank2                    bank2        0000
__Hbank3                    bank3        0000
__HbssBANK1                 bssBANK1     0000
__Hcinit                    cinit        0020
__Hclrtext                  clrtext      0000
__Hcode                     code         0000
__Hcommon                   common       0000
__Hconfig                   config       2008
__HcstackBANK0              cstackBANK0  0000
__HcstackBANK1              cstackBANK1  0000
__HcstackCOMMON             cstackCOMMON 0000
__Heeprom_data              eeprom_data  0000
__Hend_init                 end_init     0015
__Hfunctab                  functab      0109
__Hidloc                    idloc        0000
__Hinit                     init         0012
__Hintentry                 intentry     0012
__Hmaintext                 maintext     0000
__Hpowerup                  powerup      0000
__Hram                      ram          0000
__Hreset_vec                reset_vec    0003
__Hsfr0                     sfr0         0000
__Hsfr1                     sfr1         0000
__Hsfr2                     sfr2         0000
__Hsfr3                     sfr3         0000
__Hspace_0                  (abs)        2008
__Hspace_1                  (abs)        00E7
__Hspace_2                  (abs)        0000
__Hspace_3                  (abs)        0000
__Hstack                    stack        0000
__Hstrings                  strings      0000
__Htext                     text         0000
__Labs1                     abs1         0000
__Lbank0                    bank0        0000
__Lbank1                    bank1        0000
__Lbank2                    bank2        0000
__Lbank3                    bank3        0000
__LbssBANK1                 bssBANK1     0000
__Lcinit                    cinit        0015
__Lclrtext                  clrtext      0000
__Lcode                     code         0000
__Lcommon                   common       0000
__Lconfig                   config       2007
__LcstackBANK0              cstackBANK0  0000
__LcstackBANK1              cstackBANK1  0000
__LcstackCOMMON             cstackCOMMON 0000
__Leeprom_data              eeprom_data  0000
__Lend_init                 end_init     0012
__Lfunctab                  functab      0100
__Lidloc                    idloc        0000
__Linit                     init         0012
__Lintentry                 intentry     0004
__Lmaintext                 maintext     0000
__Lpowerup                  powerup      0000
__Lram                      ram          0000
__Lreset_vec                reset_vec    0000
__Lsfr0                     sfr0         0000
__Lsfr1                     sfr1         0000
__Lsfr2                     sfr2         0000
__Lsfr3                     sfr3         0000
__Lspace_0                  (abs)        0000
__Lspace_1                  (abs)        0000
__Lspace_2                  (abs)        0000
__Lspace_3                  (abs)        0000
__Lstack                    stack        0000
__Lstrings                  strings      0000
__Ltext                     text         0000
__S0                        (abs)        2008
__S1                        (abs)        00E7
__S2                        (abs)        0000
__S3                        (abs)        0000
___aldiv                    text11       0EB9
___aldiv@counter            cstackBANK1  00AC
___aldiv@dividend           cstackBANK1  00A7
___aldiv@divisor            cstackBANK1  00A3
___aldiv@quotient           cstackBANK1  00AE
___aldiv@sign               cstackBANK1  00AD
___ftadd                    text31       06D3
___ftadd@exp1               cstackBANK0  002F
___ftadd@exp2               cstackBANK0  002E
___ftadd@f1                 cstackBANK0  0023
___ftadd@f2                 cstackBANK0  0026
___ftadd@sign               cstackBANK0  002D
___ftdiv                    text30       0F48
___ftdiv@cntr               cstackBANK0  003A
___ftdiv@exp                cstackBANK0  003E
___ftdiv@f1                 cstackBANK0  0033
___ftdiv@f2                 cstackBANK0  0030
___ftdiv@f3                 cstackBANK0  003B
___ftdiv@sign               cstackBANK0  003F
___ftge                     text29       0CFB
___ftge@ff1                 cstackCOMMON 0070
___ftge@ff2                 cstackCOMMON 0073
___ftmul                    text34       0020
___ftmul@cntr               cstackBANK0  005A
___ftmul@exp                cstackBANK0  0056
___ftmul@f1                 cstackBANK0  004C
___ftmul@f2                 cstackBANK0  004F
___ftmul@f3_as_product      cstackBANK0  0057
___ftmul@sign               cstackBANK0  005B
___ftneg                    text28       0A77
___ftneg@f1                 cstackBANK0  0020
___ftpack                   text35       0D58
___ftpack@arg               cstackCOMMON 0070
___ftpack@exp               cstackCOMMON 0073
___ftpack@sign              cstackCOMMON 0074
___fttol                    text33       0E2B
___fttol@exp1               cstackBANK0  0069
___fttol@f1                 cstackBANK0  005C
___fttol@lval               cstackBANK0  0065
___fttol@sign1              cstackBANK0  0064
___int_sp                   stack        0000
___latbits                  (abs)        0002
___lwdiv                    text7        0C72
___lwdiv@counter            cstackBANK1  00AA
___lwdiv@dividend           cstackBANK1  00A5
___lwdiv@divisor            cstackBANK1  00A3
___lwdiv@quotient           cstackBANK1  00A8
___lwmod                    text6        0C3C
___lwmod@counter            cstackBANK1  00B0
___lwmod@dividend           cstackBANK1  00AD
___lwmod@divisor            cstackBANK1  00AB
___lwtoft                   text32       0AAE
___lwtoft@c                 cstackCOMMON 0078
___sp                       stack        0000
___wmul                     text5        0B8C
___wmul@multiplicand        cstackBANK1  00A5
___wmul@multiplier          cstackBANK1  00A3
___wmul@product             cstackBANK1  00A7
__doprnt                    text2        0109
__doprnt@_val               cstackBANK1  00B7
__doprnt@ap                 cstackBANK1  00B2
__doprnt@c                  cstackBANK1  00BE
__doprnt@f                  cstackBANK1  00B1
__doprnt@flag               cstackBANK1  00BB
__doprnt@pb                 cstackBANK1  00BF
__doprnt@prec               cstackBANK1  00B6
__doprnt@width              cstackBANK1  00BC
__end_of_ADC_Init           text23       0AAE
__end_of_ISR                text24       05C7
__end_of_LCD_Clear          text21       0BDA
__end_of_LCD_Cursor         text20       0B4A
__end_of_LCD_Init           text19       0E2B
__end_of_LCD_WriteCmd       text22       0AD9
__end_of_LCD_WriteData      text18       0AF0
__end_of_LCD_WriteString    text17       0C0B
__end_of_PWM_DutyCycle1     text16       0B6B
__end_of_PWM_DutyCycle2     text15       0B8C
__end_of_PWM_Init           text14       0800
__end_of_TIMER0_Init        text13       0A8C
__end_of_TIMER0_Set         text12       0A6F
__end_of_USART_Init         text10       0CFB
__end_of_USART_WriteChar    text9        0100
__end_of_USART_WriteString  text8        0C3C
__end_of___aldiv            text11       0F48
__end_of___ftadd            text31       07DC
__end_of___ftdiv            text30       1000
__end_of___ftge             text29       0D58
__end_of___ftmul            text34       00F3
__end_of___ftneg            text28       0A81
__end_of___ftpack           text35       0DC0
__end_of___fttol            text33       0EB9
__end_of___lwdiv            text7        0CB2
__end_of___lwmod            text6        0C72
__end_of___lwtoft           text32       0AC2
__end_of___wmul             text5        0BB1
__end_of__doprnt            text2        035C
__end_of__fptable           functab      0109
__end_of__initialization    cinit        001C
__end_of__stringdata        strings      0899
__end_of__stringtab         strings      0810
__end_of_dpowers            strings      081A
__end_of_isdigit            text4        0A9C
__end_of_main               maintext     06D3
__end_of_putch              text3        0004
__end_of_sprintf            text1        0B2A
__end_of_triangular         text27       04A0
__end_ofi1_PWM_DutyCycle2   text26       0B0B
__end_ofi1_TIMER0_Set       text25       0A67
__fptable                   functab      0100
__initialization            cinit        0015
__pbssBANK1                 bssBANK1     00CC
__pcstackBANK0              cstackBANK0  0020
__pcstackBANK1              cstackBANK1  00A0
__pcstackCOMMON             cstackCOMMON 0070
__pfunctab                  functab      0100
__pintentry                 intentry     0004
__pmaintext                 maintext     05C7
__pstrings                  strings      0800
__ptext1                    text1        0B0B
__ptext10                   text10       0CB2
__ptext11                   text11       0EB9
__ptext12                   text12       0A67
__ptext13                   text13       0A81
__ptext14                   text14       07DC
__ptext15                   text15       0B6B
__ptext16                   text16       0B4A
__ptext17                   text17       0BDA
__ptext18                   text18       0AD9
__ptext19                   text19       0DC0
__ptext2                    text2        0109
__ptext20                   text20       0B2A
__ptext21                   text21       0BB1
__ptext22                   text22       0AC2
__ptext23                   text23       0A9C
__ptext24                   text24       04A0
__ptext25                   text25       0A61
__ptext26                   text26       0AF0
__ptext27                   text27       035C
__ptext28                   text28       0A77
__ptext29                   text29       0CFB
__ptext3                    text3        0003
__ptext30                   text30       0F48
__ptext31                   text31       06D3
__ptext32                   text32       0AAE
__ptext33                   text33       0E2B
__ptext34                   text34       0020
__ptext35                   text35       0D58
__ptext4                    text4        0A8C
__ptext5                    text5        0B8C
__ptext6                    text6        0C3C
__ptext7                    text7        0C72
__ptext8                    text8        0C0B
__ptext9                    text9        00F3
__size_of_ADC_Init          (abs)        0000
__size_of_ISR               (abs)        0000
__size_of_LCD_Clear         (abs)        0000
__size_of_LCD_Cursor        (abs)        0000
__size_of_LCD_Init          (abs)        0000
__size_of_LCD_WriteCmd      (abs)        0000
__size_of_LCD_WriteData     (abs)        0000
__size_of_LCD_WriteString   (abs)        0000
__size_of_PWM_DutyCycle1    (abs)        0000
__size_of_PWM_DutyCycle2    (abs)        0000
__size_of_PWM_Init          (abs)        0000
__size_of_TIMER0_Init       (abs)        0000
__size_of_TIMER0_Set        (abs)        0000
__size_of_USART_Init        (abs)        0000
__size_of_USART_WriteChar   (abs)        0000
__size_of_USART_WriteString (abs)        0000
__size_of___aldiv           (abs)        0000
__size_of___ftadd           (abs)        0000
__size_of___ftdiv           (abs)        0000
__size_of___ftge            (abs)        0000
__size_of___ftmul           (abs)        0000
__size_of___ftneg           (abs)        0000
__size_of___ftpack          (abs)        0000
__size_of___fttol           (abs)        0000
__size_of___lwdiv           (abs)        0000
__size_of___lwmod           (abs)        0000
__size_of___lwtoft          (abs)        0000
__size_of___wmul            (abs)        0000
__size_of__doprnt           (abs)        0000
__size_of__fptable          (abs)        0000
__size_of_isdigit           (abs)        0000
__size_of_main              (abs)        0000
__size_of_putch             (abs)        0000
__size_of_sprintf           (abs)        0000
__size_of_triangular        (abs)        0000
__size_ofi1_PWM_DutyCycle2  (abs)        0000
__size_ofi1_TIMER0_Set      (abs)        0000
__stringbase                strings      080F
__stringdata                strings      081A
__stringtab                 strings      0800
_contador_rb6               bssBANK1     00D1
_contagens_tm0              bssBANK1     00D3
_display                    bssBANK1     00DD
_dpowers                    strings      0810
_isdigit                    text4        0A8C
_isdigit$1416               cstackBANK1  00A3
_main                       maintext     05C7
_pulsos                     bssBANK1     00D5
_putch                      text3        0003
_rpm                        bssBANK1     00D7
_sprintf                    text1        0B0B
_status                     bssBANK1     00D9
_temp_lida                  bssBANK1     00CC
_tempo_rb6                  bssBANK1     00DB
_triangular                 text27       035C
btemp                       (abs)        007E
clear_ram0                  clrtext      0A6F
end_of_initialization       cinit        001C
fpbase                      functab      0105
fptable                     functab      0100
fptotal                     (abs)        0001
i1PWM_DutyCycle2@valor      cstackBANK0  006A
i1TIMER0_Set@contagens      cstackCOMMON 0070
i1_PWM_DutyCycle2           text26       0AF0
i1_TIMER0_Set               text25       0A61
interrupt_function          intentry     0004
intlevel0                   functab      0100
intlevel1                   functab      0100
intlevel2                   functab      0100
intlevel3                   functab      0100
intlevel4                   functab      0100
intlevel5                   functab      0100
isdigit@c                   cstackBANK1  00A4
ltemp                       (abs)        007E
ltemp0                      (abs)        007E
ltemp1                      (abs)        0082
ltemp2                      (abs)        0086
ltemp3                      (abs)        0080
putch@c                     cstackBANK1  00A3
reset_vec                   reset_vec    0000
saved_w                     (abs)        007E
sprintf@ap                  cstackBANK1  00C6
sprintf@f                   cstackBANK1  00C0
sprintf@pb                  cstackBANK1  00C7
sprintf@wh                  cstackBANK1  00C5
stackhi                     (abs)        0000
stacklo                     (abs)        0000
start                       init         0012
start_initialization        cinit        0015
triangular@a                cstackBANK0  0043
triangular@b                cstackBANK0  0046
triangular@c                cstackBANK0  0049
triangular@x                cstackBANK0  0040
ttemp                       (abs)        007E
ttemp0                      (abs)        007E
ttemp1                      (abs)        0081
ttemp2                      (abs)        0084
ttemp3                      (abs)        0087
ttemp4                      (abs)        007F
wtemp                       (abs)        007E
wtemp0                      (abs)        007E
wtemp1                      (abs)        0080
wtemp2                      (abs)        0082
wtemp3                      (abs)        0084
wtemp4                      (abs)        0086
wtemp5                      (abs)        0088
wtemp6                      (abs)        007F


FUNCTION INFORMATION:

 *************** function _main *****************
 Defined at:
		line 153 in file "C:\Users\332414\Documents\Fuzzy-IA2\Código em C no MPLAB\main.c"
 Parameters:    Size  Location     Type
		None
 Auto vars:     Size  Location     Type
		None
 Return value:  Size  Location     Type
		None               void
 Registers used:
		wreg, fsr0l, fsr0h, status,2, status,0, btemp+1, pclath, cstack
 Tracked objects:
		On entry : 
		On exit  : 
		Unchanged: 
 Data sizes:     COMMON   BANK0   BANK1   BANK3   BANK2
      Params:         0       0       0       0       0
      Locals:         0       0       0       0       0
      Temps:          0       0       3       0       0
      Totals:         0       0       3       0       0
Total ram usage:        3 bytes
 Hardware stack levels required when called:    7
 This function calls:
		_ADC_Init
		_LCD_Clear
		_LCD_Cursor
		_LCD_Init
		_LCD_WriteString
		_PWM_DutyCycle1
		_PWM_DutyCycle2
		_PWM_Init
		_TIMER0_Init
		_TIMER0_Set
		_USART_Init
		_USART_WriteString
		_sprintf
 This function is called by:
		Startup code after reset
 This function uses a non-reentrant model


 *************** function _sprintf *****************
 Defined at:
		line 13 in file "C:\Program Files (x86)\Microchip\xc8\v1.33\sources\common\sprintf.c"
 Parameters:    Size  Location     Type
  wh              1    wreg     PTR unsigned char 
		 -> display(10), 
  f               1   32[BANK1 ] PTR const unsigned char 
		 -> STR_9(5), 
 Auto vars:     Size  Location     Type
  wh              1   37[BANK1 ] PTR unsigned char 
		 -> display(10), 
  pb              2   39[BANK1 ] struct __prbuf
  ap              1   38[BANK1 ] PTR void [1]
		 -> ?_sprintf(2), ?_printf(2), 
 Return value:  Size  Location     Type
                  2   32[BANK1 ] int 
 Registers used:
		wreg, fsr0l, fsr0h, status,2, status,0, btemp+1, pclath, cstack
 Tracked objects:
		On entry : 
		On exit  : 
		Unchanged: 
 Data sizes:     COMMON   BANK0   BANK1   BANK3   BANK2
      Params:         0       0       3       0       0
      Locals:         0       0       4       0       0
      Temps:          0       0       2       0       0
      Totals:         0       0       9       0       0
Total ram usage:        9 bytes
 Hardware stack levels used:    1
 Hardware stack levels required when called:    6
 This function calls:
		__doprnt
 This function is called by:
		_main
 This function uses a non-reentrant model


 *************** function __doprnt *****************
 Defined at:
		line 458 in file "C:\Program Files (x86)\Microchip\xc8\v1.33\sources\common\doprnt.c"
 Parameters:    Size  Location     Type
  pb              1    wreg     PTR struct __prbuf
		 -> sprintf@pb(2), printf@pb(2), 
  f               1   17[BANK1 ] PTR const unsigned char 
		 -> STR_9(5), STR_5(2), STR_4(2), STR_3(2), 
		 -> STR_2(2), STR_1(2), 
  ap              1   18[BANK1 ] PTR PTR void 
		 -> sprintf@ap(1), printf@ap(1), 
 Auto vars:     Size  Location     Type
  pb              1   31[BANK1 ] PTR struct __prbuf
		 -> sprintf@pb(2), printf@pb(2), 
  _val            4   23[BANK1 ] struct .
  width           2   28[BANK1 ] int 
  c               1   30[BANK1 ] char 
  flag            1   27[BANK1 ] unsigned char 
  prec            1   22[BANK1 ] char 
 Return value:  Size  Location     Type
                  2   17[BANK1 ] int 
 Registers used:
		wreg, fsr0l, fsr0h, status,2, status,0, btemp+1, pclath, cstack
 Tracked objects:
		On entry : 
		On exit  : 
		Unchanged: 
 Data sizes:     COMMON   BANK0   BANK1   BANK3   BANK2
      Params:         0       0       2       0       0
      Locals:         0       0      10       0       0
      Temps:          0       0       3       0       0
      Totals:         0       0      15       0       0
Total ram usage:       15 bytes
 Hardware stack levels used:    1
 Hardware stack levels required when called:    5
 This function calls:
		Absolute function
		___lwdiv
		___lwmod
		___wmul
		_isdigit
		_putch
 This function is called by:
		_sprintf
 This function uses a non-reentrant model


 *************** function _putch *****************
 Defined at:
		line 7 in file "C:\Program Files (x86)\Microchip\xc8\v1.33\sources\common\putch.c"
 Parameters:    Size  Location     Type
  c               1    3[BANK1 ] unsigned char 
 Auto vars:     Size  Location     Type
		None
 Return value:  Size  Location     Type
		None               void
 Registers used:
		None
 Tracked objects:
		On entry : 
		On exit  : 
		Unchanged: 
 Data sizes:     COMMON   BANK0   BANK1   BANK3   BANK2
      Params:         0       0       1       0       0
      Locals:         0       0       0       0       0
      Temps:          0       0       0       0       0
      Totals:         0       0       1       0       0
Total ram usage:        1 bytes
 Hardware stack levels used:    1
 Hardware stack levels required when called:    4
 This function calls:
		Nothing
 This function is called by:
		__doprnt
 This function uses a non-reentrant model


 *************** function _isdigit *****************
 Defined at:
		line 8 in file "C:\Program Files (x86)\Microchip\xc8\v1.33\sources\common\isdigit.c"
 Parameters:    Size  Location     Type
  c               1    wreg     unsigned char 
 Auto vars:     Size  Location     Type
  c               1    4[BANK1 ] unsigned char 
 Return value:  Size  Location     Type
		None               void
 Registers used:
		wreg, status,2, status,0
 Tracked objects:
		On entry : 
		On exit  : 
		Unchanged: 
 Data sizes:     COMMON   BANK0   BANK1   BANK3   BANK2
      Params:         0       0       0       0       0
      Locals:         0       0       2       0       0
      Temps:          0       0       0       0       0
      Totals:         0       0       2       0       0
Total ram usage:        2 bytes
 Hardware stack levels used:    1
 Hardware stack levels required when called:    4
 This function calls:
		Nothing
 This function is called by:
		__doprnt
 This function uses a non-reentrant model


 *************** function ___wmul *****************
 Defined at:
		line 15 in file "C:\Program Files (x86)\Microchip\xc8\v1.33\sources\common\Umul16.c"
 Parameters:    Size  Location     Type
  multiplier      2    3[BANK1 ] unsigned int 
  multiplicand    2    5[BANK1 ] unsigned int 
 Auto vars:     Size  Location     Type
  product         2    7[BANK1 ] unsigned int 
 Return value:  Size  Location     Type
                  2    3[BANK1 ] unsigned int 
 Registers used:
		wreg, status,2, status,0
 Tracked objects:
		On entry : 
		On exit  : 
		Unchanged: 
 Data sizes:     COMMON   BANK0   BANK1   BANK3   BANK2
      Params:         0       0       4       0       0
      Locals:         0       0       2       0       0
      Temps:          0       0       0       0       0
      Totals:         0       0       6       0       0
Total ram usage:        6 bytes
 Hardware stack levels used:    1
 Hardware stack levels required when called:    4
 This function calls:
		Nothing
 This function is called by:
		__doprnt
 This function uses a non-reentrant model


 *************** function ___lwmod *****************
 Defined at:
		line 6 in file "C:\Program Files (x86)\Microchip\xc8\v1.33\sources\common\lwmod.c"
 Parameters:    Size  Location     Type
  divisor         2   11[BANK1 ] unsigned int 
  dividend        2   13[BANK1 ] unsigned int 
 Auto vars:     Size  Location     Type
  counter         1   16[BANK1 ] unsigned char 
 Return value:  Size  Location     Type
                  2   11[BANK1 ] unsigned int 
 Registers used:
		wreg, status,2, status,0
 Tracked objects:
		On entry : 
		On exit  : 
		Unchanged: 
 Data sizes:     COMMON   BANK0   BANK1   BANK3   BANK2
      Params:         0       0       4       0       0
      Locals:         0       0       1       0       0
      Temps:          0       0       1       0       0
      Totals:         0       0       6       0       0
Total ram usage:        6 bytes
 Hardware stack levels used:    1
 Hardware stack levels required when called:    4
 This function calls:
		Nothing
 This function is called by:
		__doprnt
 This function uses a non-reentrant model


 *************** function ___lwdiv *****************
 Defined at:
		line 6 in file "C:\Program Files (x86)\Microchip\xc8\v1.33\sources\common\lwdiv.c"
 Parameters:    Size  Location     Type
  divisor         2    3[BANK1 ] unsigned int 
  dividend        2    5[BANK1 ] unsigned int 
 Auto vars:     Size  Location     Type
  quotient        2    8[BANK1 ] unsigned int 
  counter         1   10[BANK1 ] unsigned char 
 Return value:  Size  Location     Type
                  2    3[BANK1 ] unsigned int 
 Registers used:
		wreg, status,2, status,0
 Tracked objects:
		On entry : 
		On exit  : 
		Unchanged: 
 Data sizes:     COMMON   BANK0   BANK1   BANK3   BANK2
      Params:         0       0       4       0       0
      Locals:         0       0       3       0       0
      Temps:          0       0       1       0       0
      Totals:         0       0       8       0       0
Total ram usage:        8 bytes
 Hardware stack levels used:    1
 Hardware stack levels required when called:    4
 This function calls:
		Nothing
 This function is called by:
		__doprnt
 This function uses a non-reentrant model


 *************** function _USART_WriteString *****************
 Defined at:
		line 52 in file "C:\Users\332414\Documents\Fuzzy-IA2\Código em C no MPLAB\usart.c"
 Parameters:    Size  Location     Type
  str             2    4[BANK1 ] PTR const unsigned char 
		 -> STR_12(40), STR_10(3), display(10), STR_7(20), 
		 -> STR_6(29), 
 Auto vars:     Size  Location     Type
		None
 Return value:  Size  Location     Type
		None               void
 Registers used:
		wreg, fsr0l, fsr0h, status,2, status,0, btemp+1, pclath, cstack
 Tracked objects:
		On entry : 
		On exit  : 
		Unchanged: 
 Data sizes:     COMMON   BANK0   BANK1   BANK3   BANK2
      Params:         0       0       2       0       0
      Locals:         0       0       0       0       0
      Temps:          0       0       0       0       0
      Totals:         0       0       2       0       0
Total ram usage:        2 bytes
 Hardware stack levels used:    1
 Hardware stack levels required when called:    5
 This function calls:
		_USART_WriteChar
 This function is called by:
		_main
		_USART_ReceiveChar
 This function uses a non-reentrant model


 *************** function _USART_WriteChar *****************
 Defined at:
		line 44 in file "C:\Users\332414\Documents\Fuzzy-IA2\Código em C no MPLAB\usart.c"
 Parameters:    Size  Location     Type
  byte            1    wreg     unsigned char 
 Auto vars:     Size  Location     Type
  byte            1    3[BANK1 ] unsigned char 
 Return value:  Size  Location     Type
		None               void
 Registers used:
		wreg
 Tracked objects:
		On entry : 
		On exit  : 
		Unchanged: 
 Data sizes:     COMMON   BANK0   BANK1   BANK3   BANK2
      Params:         0       0       0       0       0
      Locals:         0       0       1       0       0
      Temps:          0       0       0       0       0
      Totals:         0       0       1       0       0
Total ram usage:        1 bytes
 Hardware stack levels used:    1
 Hardware stack levels required when called:    4
 This function calls:
		Nothing
 This function is called by:
		_USART_WriteString
 This function uses a non-reentrant model


 *************** function _USART_Init *****************
 Defined at:
		line 6 in file "C:\Users\332414\Documents\Fuzzy-IA2\Código em C no MPLAB\usart.c"
 Parameters:    Size  Location     Type
  BaudRate        4   18[BANK1 ] long 
 Auto vars:     Size  Location     Type
		None
 Return value:  Size  Location     Type
		None               void
 Registers used:
		wreg, status,2, status,0, pclath, cstack
 Tracked objects:
		On entry : 
		On exit  : 
		Unchanged: 
 Data sizes:     COMMON   BANK0   BANK1   BANK3   BANK2
      Params:         0       0       4       0       0
      Locals:         0       0       0       0       0
      Temps:          0       0       4       0       0
      Totals:         0       0       8       0       0
Total ram usage:        8 bytes
 Hardware stack levels used:    1
 Hardware stack levels required when called:    5
 This function calls:
		___aldiv
 This function is called by:
		_main
 This function uses a non-reentrant model


 *************** function ___aldiv *****************
 Defined at:
		line 6 in file "C:\Program Files (x86)\Microchip\xc8\v1.33\sources\common\aldiv.c"
 Parameters:    Size  Location     Type
  divisor         4    3[BANK1 ] long 
  dividend        4    7[BANK1 ] long 
 Auto vars:     Size  Location     Type
  quotient        4   14[BANK1 ] long 
  sign            1   13[BANK1 ] unsigned char 
  counter         1   12[BANK1 ] unsigned char 
 Return value:  Size  Location     Type
                  4    3[BANK1 ] long 
 Registers used:
		wreg, status,2, status,0
 Tracked objects:
		On entry : 
		On exit  : 
		Unchanged: 
 Data sizes:     COMMON   BANK0   BANK1   BANK3   BANK2
      Params:         0       0       8       0       0
      Locals:         0       0       6       0       0
      Temps:          0       0       1       0       0
      Totals:         0       0      15       0       0
Total ram usage:       15 bytes
 Hardware stack levels used:    1
 Hardware stack levels required when called:    4
 This function calls:
		Nothing
 This function is called by:
		_USART_Init
 This function uses a non-reentrant model


 *************** function _TIMER0_Set *****************
 Defined at:
		line 20 in file "C:\Users\332414\Documents\Fuzzy-IA2\Código em C no MPLAB\timers.c"
 Parameters:    Size  Location     Type
  contagens       1    wreg     unsigned char 
 Auto vars:     Size  Location     Type
  contagens       1    3[BANK1 ] unsigned char 
 Return value:  Size  Location     Type
		None               void
 Registers used:
		wreg
 Tracked objects:
		On entry : 
		On exit  : 
		Unchanged: 
 Data sizes:     COMMON   BANK0   BANK1   BANK3   BANK2
      Params:         0       0       0       0       0
      Locals:         0       0       1       0       0
      Temps:          0       0       0       0       0
      Totals:         0       0       1       0       0
Total ram usage:        1 bytes
 Hardware stack levels used:    1
 Hardware stack levels required when called:    4
 This function calls:
		Nothing
 This function is called by:
		_main
 This function uses a non-reentrant model


 *************** function _TIMER0_Init *****************
 Defined at:
		line 6 in file "C:\Users\332414\Documents\Fuzzy-IA2\Código em C no MPLAB\timers.c"
 Parameters:    Size  Location     Type
		None
 Auto vars:     Size  Location     Type
		None
 Return value:  Size  Location     Type
		None               void
 Registers used:
		None
 Tracked objects:
		On entry : 
		On exit  : 
		Unchanged: 
 Data sizes:     COMMON   BANK0   BANK1   BANK3   BANK2
      Params:         0       0       0       0       0
      Locals:         0       0       0       0       0
      Temps:          0       0       0       0       0
      Totals:         0       0       0       0       0
Total ram usage:        0 bytes
 Hardware stack levels used:    1
 Hardware stack levels required when called:    4
 This function calls:
		Nothing
 This function is called by:
		_main
 This function uses a non-reentrant model


 *************** function _PWM_Init *****************
 Defined at:
		line 5 in file "C:\Users\332414\Documents\Fuzzy-IA2\Código em C no MPLAB\pwm.c"
 Parameters:    Size  Location     Type
		None
 Auto vars:     Size  Location     Type
		None
 Return value:  Size  Location     Type
		None               void
 Registers used:
		wreg
 Tracked objects:
		On entry : 
		On exit  : 
		Unchanged: 
 Data sizes:     COMMON   BANK0   BANK1   BANK3   BANK2
      Params:         0       0       0       0       0
      Locals:         0       0       0       0       0
      Temps:          0       0       0       0       0
      Totals:         0       0       0       0       0
Total ram usage:        0 bytes
 Hardware stack levels used:    1
 Hardware stack levels required when called:    4
 This function calls:
		Nothing
 This function is called by:
		_main
 This function uses a non-reentrant model


 *************** function _PWM_DutyCycle2 *****************
 Defined at:
		line 96 in file "C:\Users\332414\Documents\Fuzzy-IA2\Código em C no MPLAB\pwm.c"
 Parameters:    Size  Location     Type
  valor           2    3[BANK1 ] int 
 Auto vars:     Size  Location     Type
		None
 Return value:  Size  Location     Type
		None               void
 Registers used:
		wreg, status,2, status,0
 Tracked objects:
		On entry : 
		On exit  : 
		Unchanged: 
 Data sizes:     COMMON   BANK0   BANK1   BANK3   BANK2
      Params:         0       0       2       0       0
      Locals:         0       0       0       0       0
      Temps:          0       0       2       0       0
      Totals:         0       0       4       0       0
Total ram usage:        4 bytes
 Hardware stack levels used:    1
 Hardware stack levels required when called:    4
 This function calls:
		Nothing
 This function is called by:
		_main
 This function uses a non-reentrant model


 *************** function _PWM_DutyCycle1 *****************
 Defined at:
		line 64 in file "C:\Users\332414\Documents\Fuzzy-IA2\Código em C no MPLAB\pwm.c"
 Parameters:    Size  Location     Type
  valor           2    3[BANK1 ] int 
 Auto vars:     Size  Location     Type
		None
 Return value:  Size  Location     Type
		None               void
 Registers used:
		wreg, status,2, status,0
 Tracked objects:
		On entry : 
		On exit  : 
		Unchanged: 
 Data sizes:     COMMON   BANK0   BANK1   BANK3   BANK2
      Params:         0       0       2       0       0
      Locals:         0       0       0       0       0
      Temps:          0       0       2       0       0
      Totals:         0       0       4       0       0
Total ram usage:        4 bytes
 Hardware stack levels used:    1
 Hardware stack levels required when called:    4
 This function calls:
		Nothing
 This function is called by:
		_main
 This function uses a non-reentrant model


 *************** function _LCD_WriteString *****************
 Defined at:
		line 61 in file "C:\Users\332414\Documents\Fuzzy-IA2\Código em C no MPLAB\lcd.c"
 Parameters:    Size  Location     Type
  Str             2    5[BANK1 ] PTR const unsigned char 
		 -> STR_11(6), display(10), STR_8(17), 
 Auto vars:     Size  Location     Type
		None
 Return value:  Size  Location     Type
		None               void
 Registers used:
		wreg, fsr0l, fsr0h, status,2, status,0, btemp+1, pclath, cstack
 Tracked objects:
		On entry : 
		On exit  : 
		Unchanged: 
 Data sizes:     COMMON   BANK0   BANK1   BANK3   BANK2
      Params:         0       0       2       0       0
      Locals:         0       0       0       0       0
      Temps:          0       0       0       0       0
      Totals:         0       0       2       0       0
Total ram usage:        2 bytes
 Hardware stack levels used:    1
 Hardware stack levels required when called:    5
 This function calls:
		_LCD_WriteData
 This function is called by:
		_main
 This function uses a non-reentrant model


 *************** function _LCD_WriteData *****************
 Defined at:
		line 47 in file "C:\Users\332414\Documents\Fuzzy-IA2\Código em C no MPLAB\lcd.c"
 Parameters:    Size  Location     Type
  Byte            1    wreg     unsigned char 
 Auto vars:     Size  Location     Type
  Byte            1    4[BANK1 ] unsigned char 
 Return value:  Size  Location     Type
		None               void
 Registers used:
		wreg
 Tracked objects:
		On entry : 
		On exit  : 
		Unchanged: 
 Data sizes:     COMMON   BANK0   BANK1   BANK3   BANK2
      Params:         0       0       0       0       0
      Locals:         0       0       1       0       0
      Temps:          0       0       1       0       0
      Totals:         0       0       2       0       0
Total ram usage:        2 bytes
 Hardware stack levels used:    1
 Hardware stack levels required when called:    4
 This function calls:
		Nothing
 This function is called by:
		_LCD_WriteString
 This function uses a non-reentrant model


 *************** function _LCD_Init *****************
 Defined at:
		line 87 in file "C:\Users\332414\Documents\Fuzzy-IA2\Código em C no MPLAB\lcd.c"
 Parameters:    Size  Location     Type
		None
 Auto vars:     Size  Location     Type
		None
 Return value:  Size  Location     Type
		None               void
 Registers used:
		wreg, status,2, status,0, pclath, cstack
 Tracked objects:
		On entry : 
		On exit  : 
		Unchanged: 
 Data sizes:     COMMON   BANK0   BANK1   BANK3   BANK2
      Params:         0       0       0       0       0
      Locals:         0       0       0       0       0
      Temps:          0       0       2       0       0
      Totals:         0       0       2       0       0
Total ram usage:        2 bytes
 Hardware stack levels used:    1
 Hardware stack levels required when called:    5
 This function calls:
		_LCD_WriteCmd
 This function is called by:
		_main
 This function uses a non-reentrant model


 *************** function _LCD_Cursor *****************
 Defined at:
		line 10 in file "C:\Users\332414\Documents\Fuzzy-IA2\Código em C no MPLAB\lcd.c"
 Parameters:    Size  Location     Type
  Row             1    wreg     unsigned char 
  Col             1    3[BANK1 ] unsigned char 
 Auto vars:     Size  Location     Type
  Row             1    5[BANK1 ] unsigned char 
 Return value:  Size  Location     Type
		None               void
 Registers used:
		wreg, status,2, status,0
 Tracked objects:
		On entry : 
		On exit  : 
		Unchanged: 
 Data sizes:     COMMON   BANK0   BANK1   BANK3   BANK2
      Params:         0       0       1       0       0
      Locals:         0       0       1       0       0
      Temps:          0       0       1       0       0
      Totals:         0       0       3       0       0
Total ram usage:        3 bytes
 Hardware stack levels used:    1
 Hardware stack levels required when called:    4
 This function calls:
		Nothing
 This function is called by:
		_main
 This function uses a non-reentrant model


 *************** function _LCD_Clear *****************
 Defined at:
		line 71 in file "C:\Users\332414\Documents\Fuzzy-IA2\Código em C no MPLAB\lcd.c"
 Parameters:    Size  Location     Type
		None
 Auto vars:     Size  Location     Type
		None
 Return value:  Size  Location     Type
		None               void
 Registers used:
		wreg, status,2, status,0, pclath, cstack
 Tracked objects:
		On entry : 
		On exit  : 
		Unchanged: 
 Data sizes:     COMMON   BANK0   BANK1   BANK3   BANK2
      Params:         0       0       0       0       0
      Locals:         0       0       0       0       0
      Temps:          0       0       2       0       0
      Totals:         0       0       2       0       0
Total ram usage:        2 bytes
 Hardware stack levels used:    1
 Hardware stack levels required when called:    5
 This function calls:
		_LCD_WriteCmd
 This function is called by:
		_main
 This function uses a non-reentrant model


 *************** function _LCD_WriteCmd *****************
 Defined at:
		line 32 in file "C:\Users\332414\Documents\Fuzzy-IA2\Código em C no MPLAB\lcd.c"
 Parameters:    Size  Location     Type
  Byte            1    wreg     unsigned char 
 Auto vars:     Size  Location     Type
  Byte            1    4[BANK1 ] unsigned char 
 Return value:  Size  Location     Type
		None               void
 Registers used:
		wreg
 Tracked objects:
		On entry : 
		On exit  : 
		Unchanged: 
 Data sizes:     COMMON   BANK0   BANK1   BANK3   BANK2
      Params:         0       0       0       0       0
      Locals:         0       0       1       0       0
      Temps:          0       0       1       0       0
      Totals:         0       0       2       0       0
Total ram usage:        2 bytes
 Hardware stack levels used:    1
 Hardware stack levels required when called:    4
 This function calls:
		Nothing
 This function is called by:
		_LCD_Clear
		_LCD_Init
 This function uses a non-reentrant model


 *************** function _ADC_Init *****************
 Defined at:
		line 6 in file "C:\Users\332414\Documents\Fuzzy-IA2\Código em C no MPLAB\adc.c"
 Parameters:    Size  Location     Type
		None
 Auto vars:     Size  Location     Type
		None
 Return value:  Size  Location     Type
		None               void
 Registers used:
		None
 Tracked objects:
		On entry : 
		On exit  : 
		Unchanged: 
 Data sizes:     COMMON   BANK0   BANK1   BANK3   BANK2
      Params:         0       0       0       0       0
      Locals:         0       0       0       0       0
      Temps:          0       0       0       0       0
      Totals:         0       0       0       0       0
Total ram usage:        0 bytes
 Hardware stack levels used:    1
 Hardware stack levels required when called:    4
 This function calls:
		Nothing
 This function is called by:
		_main
 This function uses a non-reentrant model


 *************** function _ISR *****************
 Defined at:
		line 74 in file "C:\Users\332414\Documents\Fuzzy-IA2\Código em C no MPLAB\main.c"
 Parameters:    Size  Location     Type
		None
 Auto vars:     Size  Location     Type
		None
 Return value:  Size  Location     Type
		None               void
 Registers used:
		wreg, status,2, status,0, pclath, cstack
 Tracked objects:
		On entry : 
		On exit  : 
		Unchanged: 
 Data sizes:     COMMON   BANK0   BANK1   BANK3   BANK2
      Params:         0       0       0       0       0
      Locals:         0       0       3       0       0
      Temps:          0       4       0       0       0
      Totals:         0       4       3       0       0
Total ram usage:        7 bytes
 Hardware stack levels used:    1
 Hardware stack levels required when called:    3
 This function calls:
		___ftadd
		___ftdiv
		___ftmul
		___ftneg
		___fttol
		___lwtoft
		_triangular
		i1_PWM_DutyCycle2
		i1_TIMER0_Set
 This function is called by:
		Interrupt level 1
 This function uses a non-reentrant model


 *************** function i1_TIMER0_Set *****************
 Defined at:
		line 20 in file "C:\Users\332414\Documents\Fuzzy-IA2\Código em C no MPLAB\timers.c"
 Parameters:    Size  Location     Type
  contagens       1    wreg     unsigned char 
 Auto vars:     Size  Location     Type
  contagens       1    0[COMMON] unsigned char 
 Return value:  Size  Location     Type
		None               void
 Registers used:
		wreg
 Tracked objects:
		On entry : 
		On exit  : 
		Unchanged: 
 Data sizes:     COMMON   BANK0   BANK1   BANK3   BANK2
      Params:         0       0       0       0       0
      Locals:         1       0       0       0       0
      Temps:          0       0       0       0       0
      Totals:         1       0       0       0       0
Total ram usage:        1 bytes
 Hardware stack levels used:    1
 This function calls:
		Nothing
 This function is called by:
		_ISR
 This function uses a non-reentrant model


 *************** function i1_PWM_DutyCycle2 *****************
 Defined at:
		line 96 in file "C:\Users\332414\Documents\Fuzzy-IA2\Código em C no MPLAB\pwm.c"
 Parameters:    Size  Location     Type
  valor           2   74[BANK0 ] int 
 Auto vars:     Size  Location     Type
		None
 Return value:  Size  Location     Type
		None               void
 Registers used:
		wreg, status,2, status,0
 Tracked objects:
		On entry : 
		On exit  : 
		Unchanged: 
 Data sizes:     COMMON   BANK0   BANK1   BANK3   BANK2
      Params:         0       2       0       0       0
      Locals:         0       0       0       0       0
      Temps:          2       0       0       0       0
      Totals:         2       2       0       0       0
Total ram usage:        4 bytes
 Hardware stack levels used:    1
 This function calls:
		Nothing
 This function is called by:
		_ISR
 This function uses a non-reentrant model


 *************** function _triangular *****************
 Defined at:
		line 56 in file "C:\Users\332414\Documents\Fuzzy-IA2\Código em C no MPLAB\main.c"
 Parameters:    Size  Location     Type
  x               3   32[BANK0 ] float 
  a               3   35[BANK0 ] float 
  b               3   38[BANK0 ] float 
  c               3   41[BANK0 ] float 
 Auto vars:     Size  Location     Type
		None
 Return value:  Size  Location     Type
                  3   32[BANK0 ] float 
 Registers used:
		wreg, status,2, status,0, pclath, cstack
 Tracked objects:
		On entry : 
		On exit  : 
		Unchanged: 
 Data sizes:     COMMON   BANK0   BANK1   BANK3   BANK2
      Params:         0      12       0       0       0
      Locals:         0       0       0       0       0
      Temps:          0       0       0       0       0
      Totals:         0      12       0       0       0
Total ram usage:       12 bytes
 Hardware stack levels used:    1
 Hardware stack levels required when called:    2
 This function calls:
		___ftadd
		___ftdiv
		___ftge
		___ftneg
 This function is called by:
		_ISR
 This function uses a non-reentrant model


 *************** function ___ftneg *****************
 Defined at:
		line 15 in file "C:\Program Files (x86)\Microchip\xc8\v1.33\sources\common\ftneg.c"
 Parameters:    Size  Location     Type
  f1              3    0[BANK0 ] float 
 Auto vars:     Size  Location     Type
		None
 Return value:  Size  Location     Type
                  3    0[BANK0 ] float 
 Registers used:
		wreg
 Tracked objects:
		On entry : 
		On exit  : 
		Unchanged: 
 Data sizes:     COMMON   BANK0   BANK1   BANK3   BANK2
      Params:         0       3       0       0       0
      Locals:         0       0       0       0       0
      Temps:          0       0       0       0       0
      Totals:         0       3       0       0       0
Total ram usage:        3 bytes
 Hardware stack levels used:    1
 This function calls:
		Nothing
 This function is called by:
		_triangular
		_ISR
		_trapezoidal
 This function uses a non-reentrant model


 *************** function ___ftge *****************
 Defined at:
		line 4 in file "C:\Program Files (x86)\Microchip\xc8\v1.33\sources\common\ftge.c"
 Parameters:    Size  Location     Type
  ff1             3    0[COMMON] float 
  ff2             3    3[COMMON] float 
 Auto vars:     Size  Location     Type
		None
 Return value:  Size  Location     Type
		None               void
 Registers used:
		wreg, status,2, status,0
 Tracked objects:
		On entry : 
		On exit  : 
		Unchanged: 
 Data sizes:     COMMON   BANK0   BANK1   BANK3   BANK2
      Params:         6       0       0       0       0
      Locals:         0       0       0       0       0
      Temps:          6       0       0       0       0
      Totals:        12       0       0       0       0
Total ram usage:       12 bytes
 Hardware stack levels used:    1
 This function calls:
		Nothing
 This function is called by:
		_triangular
		_trapezoidal
 This function uses a non-reentrant model


 *************** function ___ftdiv *****************
 Defined at:
		line 49 in file "C:\Program Files (x86)\Microchip\xc8\v1.33\sources\pic\ftdiv.c"
 Parameters:    Size  Location     Type
  f2              3   16[BANK0 ] float 
  f1              3   19[BANK0 ] float 
 Auto vars:     Size  Location     Type
  f3              3   27[BANK0 ] float 
  sign            1   31[BANK0 ] unsigned char 
  exp             1   30[BANK0 ] unsigned char 
  cntr            1   26[BANK0 ] unsigned char 
 Return value:  Size  Location     Type
                  3   16[BANK0 ] float 
 Registers used:
		wreg, status,2, status,0, pclath, cstack
 Tracked objects:
		On entry : 
		On exit  : 
		Unchanged: 
 Data sizes:     COMMON   BANK0   BANK1   BANK3   BANK2
      Params:         0       6       0       0       0
      Locals:         0       6       0       0       0
      Temps:          0       4       0       0       0
      Totals:         0      16       0       0       0
Total ram usage:       16 bytes
 Hardware stack levels used:    1
 Hardware stack levels required when called:    1
 This function calls:
		___ftpack
 This function is called by:
		_triangular
		_ISR
		_trapezoidal
 This function uses a non-reentrant model


 *************** function ___ftadd *****************
 Defined at:
		line 86 in file "C:\Program Files (x86)\Microchip\xc8\v1.33\sources\common\ftadd.c"
 Parameters:    Size  Location     Type
  f1              3    3[BANK0 ] float 
  f2              3    6[BANK0 ] float 
 Auto vars:     Size  Location     Type
  exp1            1   15[BANK0 ] unsigned char 
  exp2            1   14[BANK0 ] unsigned char 
  sign            1   13[BANK0 ] unsigned char 
 Return value:  Size  Location     Type
                  3    3[BANK0 ] float 
 Registers used:
		wreg, status,2, status,0, pclath, cstack
 Tracked objects:
		On entry : 
		On exit  : 
		Unchanged: 
 Data sizes:     COMMON   BANK0   BANK1   BANK3   BANK2
      Params:         0       6       0       0       0
      Locals:         0       3       0       0       0
      Temps:          0       4       0       0       0
      Totals:         0      13       0       0       0
Total ram usage:       13 bytes
 Hardware stack levels used:    1
 Hardware stack levels required when called:    1
 This function calls:
		___ftpack
 This function is called by:
		_triangular
		_ISR
		_trapezoidal
 This function uses a non-reentrant model


 *************** function ___lwtoft *****************
 Defined at:
		line 28 in file "C:\Program Files (x86)\Microchip\xc8\v1.33\sources\common\lwtoft.c"
 Parameters:    Size  Location     Type
  c               2    8[COMMON] unsigned int 
 Auto vars:     Size  Location     Type
		None
 Return value:  Size  Location     Type
                  3    8[COMMON] float 
 Registers used:
		wreg, status,2, status,0, pclath, cstack
 Tracked objects:
		On entry : 
		On exit  : 
		Unchanged: 
 Data sizes:     COMMON   BANK0   BANK1   BANK3   BANK2
      Params:         3       0       0       0       0
      Locals:         0       0       0       0       0
      Temps:          1       0       0       0       0
      Totals:         4       0       0       0       0
Total ram usage:        4 bytes
 Hardware stack levels used:    1
 Hardware stack levels required when called:    1
 This function calls:
		___ftpack
 This function is called by:
		_ISR
 This function uses a non-reentrant model


 *************** function ___fttol *****************
 Defined at:
		line 44 in file "C:\Program Files (x86)\Microchip\xc8\v1.33\sources\common\fttol.c"
 Parameters:    Size  Location     Type
  f1              3   60[BANK0 ] float 
 Auto vars:     Size  Location     Type
  lval            4   69[BANK0 ] unsigned long 
  exp1            1   73[BANK0 ] unsigned char 
  sign1           1   68[BANK0 ] unsigned char 
 Return value:  Size  Location     Type
                  4   60[BANK0 ] long 
 Registers used:
		wreg, status,2, status,0
 Tracked objects:
		On entry : 
		On exit  : 
		Unchanged: 
 Data sizes:     COMMON   BANK0   BANK1   BANK3   BANK2
      Params:         0       4       0       0       0
      Locals:         0       6       0       0       0
      Temps:          0       4       0       0       0
      Totals:         0      14       0       0       0
Total ram usage:       14 bytes
 Hardware stack levels used:    1
 This function calls:
		Nothing
 This function is called by:
		_ISR
 This function uses a non-reentrant model


 *************** function ___ftmul *****************
 Defined at:
		line 62 in file "C:\Program Files (x86)\Microchip\xc8\v1.33\sources\common\ftmul.c"
 Parameters:    Size  Location     Type
  f1              3   44[BANK0 ] float 
  f2              3   47[BANK0 ] float 
 Auto vars:     Size  Location     Type
  f3_as_produc    3   55[BANK0 ] unsigned um
  sign            1   59[BANK0 ] unsigned char 
  cntr            1   58[BANK0 ] unsigned char 
  exp             1   54[BANK0 ] unsigned char 
 Return value:  Size  Location     Type
                  3   44[BANK0 ] float 
 Registers used:
		wreg, status,2, status,0, pclath, cstack
 Tracked objects:
		On entry : 
		On exit  : 
		Unchanged: 
 Data sizes:     COMMON   BANK0   BANK1   BANK3   BANK2
      Params:         0       6       0       0       0
      Locals:         0       6       0       0       0
      Temps:          0       4       0       0       0
      Totals:         0      16       0       0       0
Total ram usage:       16 bytes
 Hardware stack levels used:    1
 Hardware stack levels required when called:    1
 This function calls:
		___ftpack
 This function is called by:
		_ISR
 This function uses a non-reentrant model


 *************** function ___ftpack *****************
 Defined at:
		line 62 in file "C:\Program Files (x86)\Microchip\xc8\v1.33\sources\common\float.c"
 Parameters:    Size  Location     Type
  arg             3    0[COMMON] unsigned um
  exp             1    3[COMMON] unsigned char 
  sign            1    4[COMMON] unsigned char 
 Auto vars:     Size  Location     Type
		None
 Return value:  Size  Location     Type
                  3    0[COMMON] float 
 Registers used:
		wreg, status,2, status,0
 Tracked objects:
		On entry : 
		On exit  : 
		Unchanged: 
 Data sizes:     COMMON   BANK0   BANK1   BANK3   BANK2
      Params:         5       0       0       0       0
      Locals:         0       0       0       0       0
      Temps:          3       0       0       0       0
      Totals:         8       0       0       0       0
Total ram usage:        8 bytes
 Hardware stack levels used:    1
 This function calls:
		Nothing
 This function is called by:
		___ftadd
		___ftdiv
		___ftmul
		___lwtoft
 This function uses a non-reentrant model



MODULE INFORMATION

Module		Function		Class		Link	Load	Size
C:\Users\332414\Documents\Fuzzy-IA2\Código em C no MPLAB\adc.c
		_ADC_Init      		CODE           	0A9C	0000	18

C:\Users\332414\Documents\Fuzzy-IA2\Código em C no MPLAB\adc.c estimated size: 18

C:\Program Files (x86)\Microchip\xc8\v1.33\sources\common\ftneg.c
		___ftneg       		CODE           	0A77	0000	10

C:\Program Files (x86)\Microchip\xc8\v1.33\sources\common\ftneg.c estimated size: 10

C:\Program Files (x86)\Microchip\xc8\v1.33\sources\common\ftge.c
		___ftge        		CODE           	0CFB	0000	93

C:\Program Files (x86)\Microchip\xc8\v1.33\sources\common\ftge.c estimated size: 93

C:\Program Files (x86)\Microchip\xc8\v1.33\sources\common\doprnt.c
		__doprnt       		CODE           	0109	0000	595

C:\Program Files (x86)\Microchip\xc8\v1.33\sources\common\doprnt.c estimated size: 595

C:\Program Files (x86)\Microchip\xc8\v1.33\sources\common\float.c
		___ftpack      		CODE           	0D58	0000	104

C:\Program Files (x86)\Microchip\xc8\v1.33\sources\common\float.c estimated size: 104

C:\Program Files (x86)\Microchip\xc8\v1.33\sources\common\sprintf.c
		_sprintf       		CODE           	0B0B	0000	31

C:\Program Files (x86)\Microchip\xc8\v1.33\sources\common\sprintf.c estimated size: 31

C:\Program Files (x86)\Microchip\xc8\v1.33\sources\common\lwmod.c
		___lwmod       		CODE           	0C3C	0000	54

C:\Program Files (x86)\Microchip\xc8\v1.33\sources\common\lwmod.c estimated size: 54

C:\Program Files (x86)\Microchip\xc8\v1.33\sources\common\Umul16.c
		___wmul        		CODE           	0B8C	0000	37

C:\Program Files (x86)\Microchip\xc8\v1.33\sources\common\Umul16.c estimated size: 37

C:\Program Files (x86)\Microchip\xc8\v1.33\sources\common\putch.c
		_putch         		CODE           	0003	0000	1

C:\Program Files (x86)\Microchip\xc8\v1.33\sources\common\putch.c estimated size: 1

C:\Users\332414\Documents\Fuzzy-IA2\Código em C no MPLAB\lcd.c
		_LCD_Init      		CODE           	0DC0	0000	107
		_LCD_WriteStrin		CODE           	0BDA	0000	49
		_LCD_Clear     		CODE           	0BB1	0000	41
		_LCD_Cursor    		CODE           	0B2A	0000	32
		_LCD_WriteCmd  		CODE           	0AC2	0000	23
		_LCD_WriteData 		CODE           	0AD9	0000	23

C:\Users\332414\Documents\Fuzzy-IA2\Código em C no MPLAB\lcd.c estimated size: 275

C:\Program Files (x86)\Microchip\xc8\v1.33\sources\common\ftmul.c
		___ftmul       		CODE           	0020	0000	211

C:\Program Files (x86)\Microchip\xc8\v1.33\sources\common\ftmul.c estimated size: 211

C:\Program Files (x86)\Microchip\xc8\v1.33\sources\common\lwdiv.c
		___lwdiv       		CODE           	0C72	0000	64

C:\Program Files (x86)\Microchip\xc8\v1.33\sources\common\lwdiv.c estimated size: 64

C:\Users\332414\Documents\Fuzzy-IA2\Código em C no MPLAB\usart.c
		_USART_WriteCha		CODE           	00F3	0000	13
		_USART_WriteStr		CODE           	0C0B	0000	49
		_USART_Init    		CODE           	0CB2	0000	73

C:\Users\332414\Documents\Fuzzy-IA2\Código em C no MPLAB\usart.c estimated size: 135

shared
		i1_TIMER0_Set  		CODE           	0A61	0000	6
		__stringtab    		STRING         	0800	0000	16
		i1_PWM_DutyCycl		CODE           	0AF0	0000	27
		__stringdata   		STRING         	081A	0000	127
		_dpowers       		STRING         	0810	0000	10
		__initializatio		CODE           	0015	0000	7
		__fptable      		CODE           	0100	0000	9

shared estimated size: 202

C:\Program Files (x86)\Microchip\xc8\v1.33\sources\common\aldiv.c
		___aldiv       		CODE           	0EB9	0000	143

C:\Program Files (x86)\Microchip\xc8\v1.33\sources\common\aldiv.c estimated size: 143

C:\Users\332414\Documents\Fuzzy-IA2\Código em C no MPLAB\timers.c
		_TIMER0_Set    		CODE           	0A67	0000	8
		_TIMER0_Init   		CODE           	0A81	0000	11

C:\Users\332414\Documents\Fuzzy-IA2\Código em C no MPLAB\timers.c estimated size: 19

C:\Users\332414\Documents\Fuzzy-IA2\Código em C no MPLAB\main.c
		_ISR           		CODE           	04A0	0000	295
		_main          		CODE           	05C7	0000	268
		_triangular    		CODE           	035C	0000	324

C:\Users\332414\Documents\Fuzzy-IA2\Código em C no MPLAB\main.c estimated size: 887

C:\Program Files (x86)\Microchip\xc8\v1.33\sources\common\fttol.c
		___fttol       		CODE           	0E2B	0000	142

C:\Program Files (x86)\Microchip\xc8\v1.33\sources\common\fttol.c estimated size: 142

C:\Program Files (x86)\Microchip\xc8\v1.33\sources\common\ftadd.c
		___ftadd       		CODE           	06D3	0000	265

C:\Program Files (x86)\Microchip\xc8\v1.33\sources\common\ftadd.c estimated size: 265

C:\Program Files (x86)\Microchip\xc8\v1.33\sources\pic\ftdiv.c
		___ftdiv       		CODE           	0F48	0000	184

C:\Program Files (x86)\Microchip\xc8\v1.33\sources\pic\ftdiv.c estimated size: 184

C:\Program Files (x86)\Microchip\xc8\v1.33\sources\common\lwtoft.c
		___lwtoft      		CODE           	0AAE	0000	20

C:\Program Files (x86)\Microchip\xc8\v1.33\sources\common\lwtoft.c estimated size: 20

C:\Users\332414\Documents\Fuzzy-IA2\Código em C no MPLAB\pwm.c
		_PWM_DutyCycle1		CODE           	0B4A	0000	33
		_PWM_DutyCycle2		CODE           	0B6B	0000	33
		_PWM_Init      		CODE           	07DC	0000	36

C:\Users\332414\Documents\Fuzzy-IA2\Código em C no MPLAB\pwm.c estimated size: 102

C:\Program Files (x86)\Microchip\xc8\v1.33\sources\common\isdigit.c
		_isdigit       		CODE           	0A8C	0000	16

C:\Program Files (x86)\Microchip\xc8\v1.33\sources\common\isdigit.c estimated size: 16

