Microchip MPLAB XC8 Compiler V1.33 ()

Linker command line:

--edf=C:\Program Files (x86)\Microchip\xc8\v1.33\dat\en_msgs.txt -cs \
  -h+PIC16F877A.sym --cmf=PIC16F877A.cmf -z -Q16F877A \
  -oC:\Users\332414\AppData\Local\Temp\s77g.6 -MPIC16F877A.map -E1 -ver=XC8 \
  -ASTACK=0110h-016fh -pstack=STACK -ACONST=00h-0FFhx32 -ACODE=00h-07FFhx4 \
  -ASTRCODE=00h-01FFFh -AENTRY=00h-0FFhx32 -ASTRING=00h-0FFhx32 \
  -ACOMMON=070h-07Fh -ABANK0=020h-06Fh -ABANK1=0A0h-0EFh \
  -ABANK2=0110h-016Fh -ABANK3=0190h-01EFh \
  -ARAM=020h-06Fh,0A0h-0EFh,0110h-016Fh,0190h-01EFh \
  -AABS1=020h-07Fh,0A0h-0EFh,0110h-016Fh,0190h-01EFh -ASFR0=00h-01Fh \
  -ASFR1=080h-09Fh -ASFR2=0100h-010Fh -ASFR3=0180h-018Fh \
  -preset_vec=00h,intentry=04h,init,end_init -ppowerup=CODE -pcinit=CODE \
  -pfunctab=CODE -ACONFIG=02007h-02007h -pconfig=CONFIG -DCONFIG=2 \
  -AIDLOC=02000h-02003h -pidloc=IDLOC -DIDLOC=2 -AEEDATA=00h-0FFh/02100h \
  -peeprom_data=EEDATA -DEEDATA=2 -DCODE=2 -DSTRCODE=2 -DSTRING=2 -DCONST=2 \
  -DENTRY=2 -k startup.obj PIC16F877A.obj 

Object code version is 3.11

Machine type is 16F877A



                Name                               Link     Load   Length Selector   Space Scale
startup.obj     end_init                             12       12        3        8       0
                reset_vec                             0        0        3        0       0
                config                             2007     2007        1     400E       0
PIC16F877A.obj  cinit                                15       15       27        8       0
                functab                             100      100       12        2       0
                intentry                              4        4        E        8       0
                text41                             1353     1353       68     26A6       0
                text40                             1545     1545       D3     2A8A       0
                text39                             1428     1428       8E     2850       0
                text38                             1054     1054       14     20A8       0
                text37                             16F7     16F7      109     2DEE       0
                text36                               3C       3C       B8        8       0
                text35                             12F6     12F6       5D     25EC       0
                text34                              893      893        A     1126       0
                text33                             1278     1278       3E     24F0       0
                text32                             120E     120E       34     241C       0
                text31                             1171     1171       23     22E2       0
                text30                             1016     1016        E     202C       0
                text29                                3        3        1        0       0
                text28                              A2C      A2C      2E9     1458       0
                text27                             10B1     10B1       1C     2162       0
                text26                              89D      89D      18F     113A       0
                text25                             1096     1096       1B     212C       0
                text24                             1000     1000        6     1A2A       0
                text23                              112      112      6A3        2       0
                text22                             1042     1042       12     2084       0
                text21                             10CD     10CD       20     219A       0
                text20                             1068     1068       17     20D0       0
                text19                             13BB     13BB       6D     2776       0
                text18                             107F     107F       17     20FE       0
                text17                             10ED     10ED       20     21DA       0
                text16                             110D     110D       21     221A       0
                text15                             112E     112E       21     225C       0
                text14                             1194     1194       24     2328       0
                text13                               F4       F4        B        8       0
                text12                             1006     1006        8     200C       0
                text11                             14B6     14B6       8F     296C       0
                text10                              7B5      7B5       4B        2       0
                text9                              1024     1024        E     2048       0
                text8                              11DD     11DD       31     23BA       0
                text7                              12B6     12B6       40     256C       0
                text6                              1242     1242       36     2484       0
                text5                              11B8     11B8       25     2370       0
                text4                              1032     1032       10     2064       0
                text3                                FF       FF        1        8       0
                text2                               D15      D15      2EB     1A2A       0
                text1                              114F     114F       22     229E       0
                maintext                           1618     1618       DF     2C30       0
                cstackBANK0                          20       20       43       20       1
                cstackCOMMON                         70       70        E       70       1
                cstackBANK1                          A0       A0       1B       A0       1
                cstackBANK3                         190      190       2B      190       1
                clrtext                            100E     100E        8     201C       0
                dataBANK1                            D4       D4        3       A0       1
                bssBANK1                             BB       BB       19       A0       1
                bssBANK0                             63       63        B       20       1
                strings                             800      800       93     1000       0
                idataBANK1                         1FFD     1FFD        3     3FFA       0

TOTAL           Name                               Link     Load   Length     Space
        CLASS   STACK          

        CLASS   CONST          

        CLASS   CODE           
                end_init                             12       12        3         0
                cinit                                15       15       27         0
                functab                             100      100       12         0
                intentry                              4        4        E         0
                reset_vec                             0        0        3         0
                text41                             1353     1353       68         0
                text40                             1545     1545       D3         0
                text39                             1428     1428       8E         0
                text38                             1054     1054       14         0
                text37                             16F7     16F7      109         0
                text36                               3C       3C       B8         0
                text35                             12F6     12F6       5D         0
                text34                              893      893        A         0
                text33                             1278     1278       3E         0
                text32                             120E     120E       34         0
                text31                             1171     1171       23         0
                text30                             1016     1016        E         0
                text29                                3        3        1         0
                text28                              A2C      A2C      2E9         0
                text27                             10B1     10B1       1C         0
                text26                              89D      89D      18F         0
                text25                             1096     1096       1B         0
                text24                             1000     1000        6         0
                text23                              112      112      6A3         0
                text22                             1042     1042       12         0
                text21                             10CD     10CD       20         0
                text20                             1068     1068       17         0
                text19                             13BB     13BB       6D         0
                text18                             107F     107F       17         0
                text17                             10ED     10ED       20         0
                text16                             110D     110D       21         0
                text15                             112E     112E       21         0
                text14                             1194     1194       24         0
                text13                               F4       F4        B         0
                text12                             1006     1006        8         0
                text11                             14B6     14B6       8F         0
                text10                              7B5      7B5       4B         0
                text9                              1024     1024        E         0
                text8                              11DD     11DD       31         0
                text7                              12B6     12B6       40         0
                text6                              1242     1242       36         0
                text5                              11B8     11B8       25         0
                text4                              1032     1032       10         0
                text3                                FF       FF        1         0
                text2                               D15      D15      2EB         0
                text1                              114F     114F       22         0
                maintext                           1618     1618       DF         0
                clrtext                            100E     100E        8         0
                idataBANK1                         1FFD     1FFD        3         0

        CLASS   STRCODE        

        CLASS   ENTRY          

        CLASS   STRING         
                strings                             800      800       93         0

        CLASS   COMMON         
                cstackCOMMON                         70       70        E         1

        CLASS   BANK0          
                cstackBANK0                          20       20       43         1
                bssBANK0                             63       63        B         1

        CLASS   BANK1          
                cstackBANK1                          A0       A0       1B         1
                dataBANK1                            D4       D4        3         1
                bssBANK1                             BB       BB       19         1

        CLASS   BANK2          

        CLASS   BANK3          
                cstackBANK3                         190      190       2B         1

        CLASS   RAM            

        CLASS   ABS1           
                abs_s1                               7E       7E        2         1

        CLASS   SFR0           

        CLASS   SFR1           

        CLASS   SFR2           

        CLASS   SFR3           

        CLASS   CONFIG         
                config                             2007     2007        1         0

        CLASS   IDLOC          

        CLASS   EEDATA         



SEGMENTS        Name                           Load    Length   Top    Selector   Space  Class     Delta

                reset_vec                      000000  000004  000004         0       0  CODE        2
                intentry                       000004  0000FC  000100         8       0  CODE        2
                cstackBANK0                    000020  00004E  00006E        20       1  BANK0       1
                cstackCOMMON                   000070  00000E  00007E        70       1  COMMON      1
                cstackBANK1                    0000A0  000037  0000D7        A0       1  BANK1       1
                cstackBANK3                    000190  00002B  0001BB       190       1  BANK3       1
                functab                        000100  000700  000800         2       0  CODE        2
                strings                        000800  000093  000893      1000       0  STRING      2
                text34                         000893  00000A  00089D      1126       0  CODE        2
                text26                         00089D  00018F  000A2C      113A       0  CODE        2
                text28                         000A2C  0002E9  000D15      1458       0  CODE        2
                text2                          000D15  0002F1  001006      1A2A       0  CODE        2
                text12                         001006  000008  00100E      200C       0  CODE        2
                clrtext                        00100E  000008  001016      201C       0  CODE        2
                text30                         001016  00000E  001024      202C       0  CODE        2
                text9                          001024  00000E  001032      2048       0  CODE        2
                text4                          001032  000010  001042      2064       0  CODE        2
                text22                         001042  000012  001054      2084       0  CODE        2
                text38                         001054  000014  001068      20A8       0  CODE        2
                text20                         001068  000017  00107F      20D0       0  CODE        2
                text18                         00107F  000017  001096      20FE       0  CODE        2
                text25                         001096  00001B  0010B1      212C       0  CODE        2
                text27                         0010B1  00001C  0010CD      2162       0  CODE        2
                text21                         0010CD  000020  0010ED      219A       0  CODE        2
                text17                         0010ED  000020  00110D      21DA       0  CODE        2
                text16                         00110D  000021  00112E      221A       0  CODE        2
                text15                         00112E  000021  00114F      225C       0  CODE        2
                text1                          00114F  000022  001171      229E       0  CODE        2
                text31                         001171  000023  001194      22E2       0  CODE        2
                text14                         001194  000024  0011B8      2328       0  CODE        2
                text5                          0011B8  000025  0011DD      2370       0  CODE        2
                text8                          0011DD  000031  00120E      23BA       0  CODE        2
                text32                         00120E  000034  001242      241C       0  CODE        2
                text6                          001242  000036  001278      2484       0  CODE        2
                text33                         001278  00003E  0012B6      24F0       0  CODE        2
                text7                          0012B6  000040  0012F6      256C       0  CODE        2
                text35                         0012F6  00005D  001353      25EC       0  CODE        2
                text41                         001353  000068  0013BB      26A6       0  CODE        2
                text19                         0013BB  00006D  001428      2776       0  CODE        2
                text39                         001428  00008E  0014B6      2850       0  CODE        2
                text11                         0014B6  00008F  001545      296C       0  CODE        2
                text40                         001545  0000D3  001618      2A8A       0  CODE        2
                maintext                       001618  0000DF  0016F7      2C30       0  CODE        2
                text37                         0016F7  000109  001800      2DEE       0  CODE        2
                idataBANK1                     001FFD  000003  002000      3FFA       0  CODE        2
                config                         002007  000001  002008      400E       0  CONFIG      2


UNUSED ADDRESS RANGES

        Name                Unused          Largest block    Delta
        BANK0            006E-006F              2           1
        BANK1            00D7-00EF             19           1
        BANK2            0110-016F             60           1
        BANK3            01BB-01EF             35           1
        CODE             1800-1FFC            7FD           2
        CONST            1800-1FFC            100           2
        EEDATA           2100-21FF            100           2
        ENTRY            1800-1FFC            100           2
        IDLOC            2000-2003              4           2
        RAM              006E-006F              2           1
                         00D7-00EF             19
                         0110-016F             60
                         01BB-01EF             35
        SFR0             0000-001F             20           1
        SFR1             0080-009F             20           1
        SFR2             0100-010F             10           1
        SFR3             0180-018F             10           1
        STACK            0110-016F             60           1
        STRCODE          1800-1FFC            7FD           2
        STRING           1800-1FFC            100           2

                                  Symbol Table

?___aldiv                   cstackBANK3  0191
?___ftadd                   cstackBANK0  0040
?___ftdiv                   cstackBANK0  0020
?___ftmul                   cstackBANK0  0030
?___ftneg                   cstackBANK0  004D
?___ftpack                  cstackCOMMON 0070
?___fttol                   cstackBANK0  0040
?___lwdiv                   cstackBANK3  0191
?___lwmod                   cstackBANK3  0199
?___lwtoft                  cstackCOMMON 0078
?___wmul                    cstackBANK3  0191
?__doprnt                   cstackBANK3  019F
?_printf                    cstackCOMMON 0070
?_sprintf                   cstackBANK3  01B0
?_trapezoidal               cstackBANK0  0050
?i1___lwdiv                 cstackCOMMON 0070
?i1___lwmod                 cstackCOMMON 0078
?i1___wmul                  cstackCOMMON 0070
?i1__doprnt                 cstackBANK0  0020
LCD_Cursor@Col              cstackBANK3  0191
LCD_Cursor@Row              cstackBANK3  0193
LCD_WriteCmd@Byte           cstackBANK3  0192
LCD_WriteData@Byte          cstackBANK3  0192
LCD_WriteString@Str         cstackBANK3  0194
PWM_DutyCycle1@valor        cstackBANK3  0191
PWM_DutyCycle2@valor        cstackBANK3  0191
TIMER0_Set@contagens        cstackBANK3  0191
USART_Init@BaudRate         cstackBANK3  01A0
USART_WriteChar@byte        cstackBANK3  0191
USART_WriteString@str       cstackBANK3  0192
_ADCON0bits                 (abs)        001F
_ADCON1bits                 (abs)        009F
_ADCResult                  bssBANK0     0066
_ADC_Init                   text22       1042
_ADRESH                     (abs)        001E
_ADRESL                     (abs)        009E
_CCP1CON                    (abs)        0017
_CCP1CONbits                (abs)        0017
_CCP2CON                    (abs)        001D
_CCP2CONbits                (abs)        001D
_CCPR1L                     (abs)        0015
_CCPR2L                     (abs)        001B
_EEADR                      (abs)        010D
_EECON1bits                 (abs)        018C
_EECON2                     (abs)        018D
_EEDATA                     (abs)        010C
_INTCONbits                 (abs)        000B
_ISR                        text23       0112
_ISR$1733                   cstackBANK1  00B5
_ISR$1734                   cstackBANK1  00AC
_ISR$1735                   cstackBANK1  00AF
_ISR$1736                   cstackBANK1  00B8
_ISR$1737                   cstackBANK1  00A0
_ISR$1738                   cstackBANK1  00B2
_ISR$1739                   cstackBANK1  00A3
_ISR$1740                   cstackBANK1  00A6
_ISR$1741                   cstackBANK1  00A9
_LCD_Cursor                 text21       10CD
_LCD_Init                   text19       13BB
_LCD_WriteCmd               text20       1068
_LCD_WriteData              text18       107F
_LCD_WriteString            text17       10ED
_OERR                       (abs)        00C1
_OPTION_REGbits             (abs)        0081
_PIE1bits                   (abs)        008C
_PIE2bits                   (abs)        008D
_PIR1bits                   (abs)        000C
_PIR2bits                   (abs)        000D
_PORTA                      (abs)        0005
_PORTB                      (abs)        0006
_PORTBbits                  (abs)        0006
_PORTC                      (abs)        0007
_PORTD                      (abs)        0008
_PORTE                      (abs)        0009
_PORTEbits                  (abs)        0009
_PR2                        (abs)        0092
_PWM_DutyCycle1             text16       110D
_PWM_DutyCycle2             text15       112E
_PWM_Init                   text14       1194
_RCREG                      (abs)        001A
_RCSTAbits                  (abs)        0018
_SPBRG                      (abs)        0099
_SSPADD                     (abs)        0093
_SSPBUF                     (abs)        0013
_SSPCON2                    (abs)        0091
_SSPCON2bits                (abs)        0091
_SSPCONbits                 (abs)        0014
_SSPSTATbits                (abs)        0094
_T1CON                      (abs)        0010
_T1CONbits                  (abs)        0010
_T2CONbits                  (abs)        0012
_TIMER0_Init                text13       00F4
_TIMER0_Set                 text12       1006
_TMR0                       (abs)        0001
_TMR1                       (abs)        000E
_TMR1H                      (abs)        000F
_TMR1L                      (abs)        000E
_TRISA                      (abs)        0085
_TRISB                      (abs)        0086
_TRISC                      (abs)        0087
_TRISD                      (abs)        0088
_TRISE                      (abs)        0089
_TXREG                      (abs)        0019
_TXSTAbits                  (abs)        0098
_USART_Init                 text10       07B5
_USART_WriteChar            text9        1024
_USART_WriteString          text8        11DD
__CFG_BOREN$OFF             (abs)        0000
__CFG_CP$OFF                (abs)        0000
__CFG_CPD$OFF               (abs)        0000
__CFG_FOSC$HS               (abs)        0000
__CFG_LVP$OFF               (abs)        0000
__CFG_PWRTE$ON              (abs)        0000
__CFG_WDTE$OFF              (abs)        0000
__Habs1                     abs1         0000
__Hbank0                    bank0        0000
__Hbank1                    bank1        0000
__Hbank2                    bank2        0000
__Hbank3                    bank3        0000
__HbssBANK0                 bssBANK0     0000
__HbssBANK1                 bssBANK1     0000
__Hcinit                    cinit        003C
__Hclrtext                  clrtext      0000
__Hcode                     code         0000
__Hcommon                   common       0000
__Hconfig                   config       2008
__HcstackBANK0              cstackBANK0  0000
__HcstackBANK1              cstackBANK1  0000
__HcstackBANK3              cstackBANK3  0000
__HcstackCOMMON             cstackCOMMON 0000
__HdataBANK1                dataBANK1    0000
__Heeprom_data              eeprom_data  0000
__Hend_init                 end_init     0015
__Hfunctab                  functab      0112
__HidataBANK1               idataBANK1   0000
__Hidloc                    idloc        0000
__Hinit                     init         0012
__Hintentry                 intentry     0012
__Hmaintext                 maintext     0000
__Hpowerup                  powerup      0000
__Hram                      ram          0000
__Hreset_vec                reset_vec    0003
__Hsfr0                     sfr0         0000
__Hsfr1                     sfr1         0000
__Hsfr2                     sfr2         0000
__Hsfr3                     sfr3         0000
__Hspace_0                  (abs)        2008
__Hspace_1                  (abs)        01BB
__Hspace_2                  (abs)        0000
__Hspace_3                  (abs)        0000
__Hstack                    stack        0000
__Hstrings                  strings      0000
__Htext                     text         0000
__Labs1                     abs1         0000
__Lbank0                    bank0        0000
__Lbank1                    bank1        0000
__Lbank2                    bank2        0000
__Lbank3                    bank3        0000
__LbssBANK0                 bssBANK0     0000
__LbssBANK1                 bssBANK1     0000
__Lcinit                    cinit        0015
__Lclrtext                  clrtext      0000
__Lcode                     code         0000
__Lcommon                   common       0000
__Lconfig                   config       2007
__LcstackBANK0              cstackBANK0  0000
__LcstackBANK1              cstackBANK1  0000
__LcstackBANK3              cstackBANK3  0000
__LcstackCOMMON             cstackCOMMON 0000
__LdataBANK1                dataBANK1    0000
__Leeprom_data              eeprom_data  0000
__Lend_init                 end_init     0012
__Lfunctab                  functab      0100
__LidataBANK1               idataBANK1   0000
__Lidloc                    idloc        0000
__Linit                     init         0012
__Lintentry                 intentry     0004
__Lmaintext                 maintext     0000
__Lpowerup                  powerup      0000
__Lram                      ram          0000
__Lreset_vec                reset_vec    0000
__Lsfr0                     sfr0         0000
__Lsfr1                     sfr1         0000
__Lsfr2                     sfr2         0000
__Lsfr3                     sfr3         0000
__Lspace_0                  (abs)        0000
__Lspace_1                  (abs)        0000
__Lspace_2                  (abs)        0000
__Lspace_3                  (abs)        0000
__Lstack                    stack        0000
__Lstrings                  strings      0000
__Ltext                     text         0000
__S0                        (abs)        2008
__S1                        (abs)        01BB
__S2                        (abs)        0000
__S3                        (abs)        0000
___aldiv                    text11       14B6
___aldiv@counter            cstackBANK3  019A
___aldiv@dividend           cstackBANK3  0195
___aldiv@divisor            cstackBANK3  0191
___aldiv@quotient           cstackBANK3  019C
___aldiv@sign               cstackBANK3  019B
___ftadd                    text37       16F7
___ftadd@exp1               cstackBANK0  004C
___ftadd@exp2               cstackBANK0  004B
___ftadd@f1                 cstackBANK0  0040
___ftadd@f2                 cstackBANK0  0043
___ftadd@sign               cstackBANK0  004A
___ftdiv                    text36       003C
___ftdiv@cntr               cstackBANK0  002A
___ftdiv@exp                cstackBANK0  002E
___ftdiv@f1                 cstackBANK0  0023
___ftdiv@f2                 cstackBANK0  0020
___ftdiv@f3                 cstackBANK0  002B
___ftdiv@sign               cstackBANK0  002F
___ftge                     text35       12F6
___ftge@ff1                 cstackCOMMON 0070
___ftge@ff2                 cstackCOMMON 0073
___ftmul                    text40       1545
___ftmul@cntr               cstackBANK0  003E
___ftmul@exp                cstackBANK0  003A
___ftmul@f1                 cstackBANK0  0030
___ftmul@f2                 cstackBANK0  0033
___ftmul@f3_as_product      cstackBANK0  003B
___ftmul@sign               cstackBANK0  003F
___ftneg                    text34       0893
___ftneg@f1                 cstackBANK0  004D
___ftpack                   text41       1353
___ftpack@arg               cstackCOMMON 0070
___ftpack@exp               cstackCOMMON 0073
___ftpack@sign              cstackCOMMON 0074
___fttol                    text39       1428
___fttol@exp1               cstackBANK0  004D
___fttol@f1                 cstackBANK0  0040
___fttol@lval               cstackBANK0  0049
___fttol@sign1              cstackBANK0  0048
___int_sp                   stack        0000
___latbits                  (abs)        0002
___lwdiv                    text7        12B6
___lwdiv@counter            cstackBANK3  0196
___lwdiv@dividend           cstackBANK3  0193
___lwdiv@divisor            cstackBANK3  0191
___lwdiv@quotient           cstackBANK3  0197
___lwmod                    text6        1242
___lwmod@counter            cstackBANK3  019E
___lwmod@dividend           cstackBANK3  019B
___lwmod@divisor            cstackBANK3  0199
___lwtoft                   text38       1054
___lwtoft@c                 cstackCOMMON 0078
___sp                       stack        0000
___wmul                     text5        11B8
___wmul@multiplicand        cstackBANK3  0193
___wmul@multiplier          cstackBANK3  0191
___wmul@product             cstackBANK3  0195
__doprnt                    text2        0D15
__doprnt@_val               cstackBANK3  01A8
__doprnt@ap                 cstackBANK3  01A2
__doprnt@c                  cstackBANK3  01AF
__doprnt@f                  cstackBANK3  01A1
__doprnt@flag               cstackBANK3  01AC
__doprnt@pb                 cstackBANK3  019F
__doprnt@prec               cstackBANK3  01A7
__doprnt@width              cstackBANK3  01AD
__end_of_ADC_Init           text22       1054
__end_of_ISR                text23       07B5
__end_of_LCD_Cursor         text21       10ED
__end_of_LCD_Init           text19       1428
__end_of_LCD_WriteCmd       text20       107F
__end_of_LCD_WriteData      text18       1096
__end_of_LCD_WriteString    text17       110D
__end_of_PWM_DutyCycle1     text16       112E
__end_of_PWM_DutyCycle2     text15       114F
__end_of_PWM_Init           text14       11B8
__end_of_TIMER0_Init        text13       00FF
__end_of_TIMER0_Set         text12       100E
__end_of_USART_Init         text10       0800
__end_of_USART_WriteChar    text9        1032
__end_of_USART_WriteString  text8        120E
__end_of___aldiv            text11       1545
__end_of___ftadd            text37       1800
__end_of___ftdiv            text36       00F4
__end_of___ftge             text35       1353
__end_of___ftmul            text40       1618
__end_of___ftneg            text34       089D
__end_of___ftpack           text41       13BB
__end_of___fttol            text39       14B6
__end_of___lwdiv            text7        12F6
__end_of___lwmod            text6        1278
__end_of___lwtoft           text38       1068
__end_of___wmul             text5        11DD
__end_of__doprnt            text2        1000
__end_of__fptable           functab      0109
__end_of__i1fptable         functab      0112
__end_of__initialization    cinit        0038
__end_of__stringdata        strings      0893
__end_of__stringtab         strings      0810
__end_of_dpowers            strings      081A
__end_of_isdigit            text4        1042
__end_of_main               maintext     16F7
__end_of_printf             text27       10CD
__end_of_putch              text3        0100
__end_of_sprintf            text1        1171
__end_of_trapezoidal        text26       0A2C
__end_ofi1_PWM_DutyCycle2   text25       10B1
__end_ofi1_TIMER0_Set       text24       1006
__end_ofi1___lwdiv          text33       12B6
__end_ofi1___lwmod          text32       1242
__end_ofi1___wmul           text31       1194
__end_ofi1__doprnt          text28       0D15
__end_ofi1_isdigit          text30       1024
__end_ofi1_putch            text29       0004
__fptable                   functab      0100
__i1fptable                 functab      0109
__initialization            cinit        0015
__pbssBANK0                 bssBANK0     0063
__pbssBANK1                 bssBANK1     00BB
__pcstackBANK0              cstackBANK0  0020
__pcstackBANK1              cstackBANK1  00A0
__pcstackBANK3              cstackBANK3  0190
__pcstackCOMMON             cstackCOMMON 0070
__pdataBANK1                dataBANK1    00D4
__pfunctab                  functab      0100
__pidataBANK1               idataBANK1   1FFD
__pintentry                 intentry     0004
__pmaintext                 maintext     1618
__pstrings                  strings      0800
__ptext1                    text1        114F
__ptext10                   text10       07B5
__ptext11                   text11       14B6
__ptext12                   text12       1006
__ptext13                   text13       00F4
__ptext14                   text14       1194
__ptext15                   text15       112E
__ptext16                   text16       110D
__ptext17                   text17       10ED
__ptext18                   text18       107F
__ptext19                   text19       13BB
__ptext2                    text2        0D15
__ptext20                   text20       1068
__ptext21                   text21       10CD
__ptext22                   text22       1042
__ptext23                   text23       0112
__ptext24                   text24       1000
__ptext25                   text25       1096
__ptext26                   text26       089D
__ptext27                   text27       10B1
__ptext28                   text28       0A2C
__ptext29                   text29       0003
__ptext3                    text3        00FF
__ptext30                   text30       1016
__ptext31                   text31       1171
__ptext32                   text32       120E
__ptext33                   text33       1278
__ptext34                   text34       0893
__ptext35                   text35       12F6
__ptext36                   text36       003C
__ptext37                   text37       16F7
__ptext38                   text38       1054
__ptext39                   text39       1428
__ptext4                    text4        1032
__ptext40                   text40       1545
__ptext41                   text41       1353
__ptext5                    text5        11B8
__ptext6                    text6        1242
__ptext7                    text7        12B6
__ptext8                    text8        11DD
__ptext9                    text9        1024
__size_of_ADC_Init          (abs)        0000
__size_of_ISR               (abs)        0000
__size_of_LCD_Cursor        (abs)        0000
__size_of_LCD_Init          (abs)        0000
__size_of_LCD_WriteCmd      (abs)        0000
__size_of_LCD_WriteData     (abs)        0000
__size_of_LCD_WriteString   (abs)        0000
__size_of_PWM_DutyCycle1    (abs)        0000
__size_of_PWM_DutyCycle2    (abs)        0000
__size_of_PWM_Init          (abs)        0000
__size_of_TIMER0_Init       (abs)        0000
__size_of_TIMER0_Set        (abs)        0000
__size_of_USART_Init        (abs)        0000
__size_of_USART_WriteChar   (abs)        0000
__size_of_USART_WriteString (abs)        0000
__size_of___aldiv           (abs)        0000
__size_of___ftadd           (abs)        0000
__size_of___ftdiv           (abs)        0000
__size_of___ftge            (abs)        0000
__size_of___ftmul           (abs)        0000
__size_of___ftneg           (abs)        0000
__size_of___ftpack          (abs)        0000
__size_of___fttol           (abs)        0000
__size_of___lwdiv           (abs)        0000
__size_of___lwmod           (abs)        0000
__size_of___lwtoft          (abs)        0000
__size_of___wmul            (abs)        0000
__size_of__doprnt           (abs)        0000
__size_of__fptable          (abs)        0000
__size_of__i1fptable        (abs)        0000
__size_of_isdigit           (abs)        0000
__size_of_main              (abs)        0000
__size_of_printf            (abs)        0000
__size_of_putch             (abs)        0000
__size_of_sprintf           (abs)        0000
__size_of_trapezoidal       (abs)        0000
__size_ofi1_PWM_DutyCycle2  (abs)        0000
__size_ofi1_TIMER0_Set      (abs)        0000
__size_ofi1___lwdiv         (abs)        0000
__size_ofi1___lwmod         (abs)        0000
__size_ofi1___wmul          (abs)        0000
__size_ofi1__doprnt         (abs)        0000
__size_ofi1_isdigit         (abs)        0000
__size_ofi1_putch           (abs)        0000
__stringbase                strings      080F
__stringdata                strings      081A
__stringtab                 strings      0800
_contador_rb6               bssBANK0     0068
_contagens_tm0              bssBANK1     00C4
_display                    bssBANK1     00CA
_dpowers                    strings      0810
_isdigit                    text4        1032
_isdigit$1415               cstackBANK3  0191
_main                       maintext     1618
_p1                         bssBANK1     00BB
_p2                         bssBANK1     00BE
_p3                         bssBANK1     00C1
_printf                     text27       10B1
_pulsos                     bssBANK1     00C6
_putch                      text3        00FF
_requiredRpm                dataBANK1    00D4
_rpm                        bssBANK1     00C8
_sprintf                    text1        114F
_status                     bssBANK0     006A
_temp_lida                  bssBANK0     0063
_tempo_rb6                  bssBANK0     006C
_trapezoidal                text26       089D
btemp                       (abs)        007E
clear_ram0                  clrtext      100E
end_of_initialization       cinit        0038
fpbase                      functab      0105
fptable                     functab      0100
fptotal                     (abs)        0001
i1PWM_DutyCycle2@valor      cstackBANK0  004E
i1TIMER0_Set@contagens      cstackCOMMON 0070
i1_PWM_DutyCycle2           text25       1096
i1_TIMER0_Set               text24       1000
i1___lwdiv                  text33       1278
i1___lwdiv@counter          cstackCOMMON 0077
i1___lwdiv@dividend         cstackCOMMON 0072
i1___lwdiv@divisor          cstackCOMMON 0070
i1___lwdiv@quotient         cstackCOMMON 0075
i1___lwmod                  text32       120E
i1___lwmod@counter          cstackCOMMON 007D
i1___lwmod@dividend         cstackCOMMON 007A
i1___lwmod@divisor          cstackCOMMON 0078
i1___wmul                   text31       1171
i1___wmul@multiplicand      cstackCOMMON 0072
i1___wmul@multiplier        cstackCOMMON 0070
i1___wmul@product           cstackCOMMON 0074
i1__doprnt                  text28       0A2C
i1__doprnt@_val             cstackBANK0  0029
i1__doprnt@ap               cstackBANK0  0023
i1__doprnt@c                cstackBANK0  0030
i1__doprnt@f                cstackBANK0  0022
i1__doprnt@flag             cstackBANK0  002D
i1__doprnt@pb               cstackBANK0  0020
i1__doprnt@prec             cstackBANK0  0028
i1__doprnt@width            cstackBANK0  002E
i1_isdigit                  text30       1016
i1_isdigit$1415             cstackCOMMON 0070
i1_putch                    text29       0003
i1fpbase                    functab      010E
i1fptable                   functab      0109
i1fptotal                   (abs)        0001
i1isdigit@c                 cstackCOMMON 0071
i1putch@c                   cstackCOMMON 0070
interrupt_function          intentry     0004
intlevel0                   functab      0100
intlevel1                   functab      0100
intlevel2                   functab      0100
intlevel3                   functab      0100
intlevel4                   functab      0100
intlevel5                   functab      0100
isdigit@c                   cstackBANK3  0192
ltemp                       (abs)        007E
ltemp0                      (abs)        007E
ltemp1                      (abs)        0082
ltemp2                      (abs)        0086
ltemp3                      (abs)        0080
printf@ap                   cstackBANK0  0033
printf@f                    cstackBANK0  0032
printf@pb                   cstackBANK0  0034
putch@c                     cstackBANK3  0191
reset_vec                   reset_vec    0000
saved_w                     (abs)        007E
sprintf@ap                  cstackBANK3  01B5
sprintf@f                   cstackBANK3  01B0
sprintf@pb                  cstackBANK3  01B6
sprintf@wh                  cstackBANK3  01B4
stackhi                     (abs)        0000
stacklo                     (abs)        0000
start                       init         0012
start_initialization        cinit        0015
trapezoidal@a               cstackBANK0  0053
trapezoidal@b               cstackBANK0  0056
trapezoidal@c               cstackBANK0  0059
trapezoidal@d               cstackBANK0  005C
trapezoidal@x               cstackBANK0  0050
ttemp                       (abs)        007E
ttemp0                      (abs)        007E
ttemp1                      (abs)        0081
ttemp2                      (abs)        0084
ttemp3                      (abs)        0087
ttemp4                      (abs)        007F
wtemp                       (abs)        007E
wtemp0                      (abs)        007E
wtemp1                      (abs)        0080
wtemp2                      (abs)        0082
wtemp3                      (abs)        0084
wtemp4                      (abs)        0086
wtemp5                      (abs)        0088
wtemp6                      (abs)        007F


FUNCTION INFORMATION:

 *************** function _main *****************
 Defined at:
		line 178 in file "C:\Users\332414\Desktop\Fuzzy-IA2\Código em C no MPLAB\main.c"
 Parameters:    Size  Location     Type
		None
 Auto vars:     Size  Location     Type
		None
 Return value:  Size  Location     Type
		None               void
 Registers used:
		wreg, fsr0l, fsr0h, status,2, status,0, btemp+1, pclath, cstack
 Tracked objects:
		On entry : 
		On exit  : 
		Unchanged: 
 Data sizes:     COMMON   BANK0   BANK1   BANK3   BANK2
      Params:         0       0       0       0       0
      Locals:         0       0       0       0       0
      Temps:          0       0       0       3       0
      Totals:         0       0       0       3       0
Total ram usage:        3 bytes
 Hardware stack levels required when called:    8
 This function calls:
		_ADC_Init
		_LCD_Cursor
		_LCD_Init
		_LCD_WriteString
		_PWM_DutyCycle1
		_PWM_DutyCycle2
		_PWM_Init
		_TIMER0_Init
		_TIMER0_Set
		_USART_Init
		_USART_WriteString
		_sprintf
 This function is called by:
		Startup code after reset
 This function uses a non-reentrant model


 *************** function _sprintf *****************
 Defined at:
		line 13 in file "C:\Program Files (x86)\Microchip\xc8\v1.33\sources\common\sprintf.c"
 Parameters:    Size  Location     Type
  wh              1    wreg     PTR unsigned char 
		 -> display(10), 
  f               1   32[BANK3 ] PTR const unsigned char 
		 -> STR_9(5), 
 Auto vars:     Size  Location     Type
  wh              1   36[BANK3 ] PTR unsigned char 
		 -> display(10), 
  pb              2   38[BANK3 ] struct __prbuf
  ap              1   37[BANK3 ] PTR void [1]
		 -> ?_sprintf(2), ?_printf(2), 
 Return value:  Size  Location     Type
                  2   32[BANK3 ] int 
 Registers used:
		wreg, fsr0l, fsr0h, status,2, status,0, btemp+1, pclath, cstack
 Tracked objects:
		On entry : 
		On exit  : 
		Unchanged: 
 Data sizes:     COMMON   BANK0   BANK1   BANK3   BANK2
      Params:         0       0       0       3       0
      Locals:         0       0       0       4       0
      Temps:          0       0       0       1       0
      Totals:         0       0       0       8       0
Total ram usage:        8 bytes
 Hardware stack levels used:    1
 Hardware stack levels required when called:    7
 This function calls:
		__doprnt
 This function is called by:
		_main
 This function uses a non-reentrant model


 *************** function __doprnt *****************
 Defined at:
		line 458 in file "C:\Program Files (x86)\Microchip\xc8\v1.33\sources\common\doprnt.c"
 Parameters:    Size  Location     Type
  pb              2   15[BANK3 ] PTR struct __prbuf
		 -> sprintf@pb(2), printf@pb(2), 
  f               1   17[BANK3 ] PTR const unsigned char 
		 -> STR_9(5), STR_5(2), STR_4(2), STR_3(2), 
		 -> STR_2(2), STR_1(2), 
  ap              2   18[BANK3 ] PTR PTR void 
		 -> sprintf@ap(1), printf@ap(1), 
 Auto vars:     Size  Location     Type
  _val            4   24[BANK3 ] struct .
  width           2   29[BANK3 ] int 
  c               1   31[BANK3 ] char 
  flag            1   28[BANK3 ] unsigned char 
  prec            1   23[BANK3 ] char 
 Return value:  Size  Location     Type
                  2   15[BANK3 ] int 
 Registers used:
		wreg, fsr0l, fsr0h, status,2, status,0, btemp+1, pclath, cstack
 Tracked objects:
		On entry : 
		On exit  : 
		Unchanged: 
 Data sizes:     COMMON   BANK0   BANK1   BANK3   BANK2
      Params:         0       0       0       5       0
      Locals:         0       0       0       9       0
      Temps:          0       0       0       3       0
      Totals:         0       0       0      17       0
Total ram usage:       17 bytes
 Hardware stack levels used:    1
 Hardware stack levels required when called:    6
 This function calls:
		Absolute function
		___lwdiv
		___lwmod
		___wmul
		_isdigit
		_putch
 This function is called by:
		_sprintf
 This function uses a non-reentrant model


 *************** function _putch *****************
 Defined at:
		line 7 in file "C:\Program Files (x86)\Microchip\xc8\v1.33\sources\common\putch.c"
 Parameters:    Size  Location     Type
  c               1    1[BANK3 ] unsigned char 
 Auto vars:     Size  Location     Type
		None
 Return value:  Size  Location     Type
		None               void
 Registers used:
		None
 Tracked objects:
		On entry : 
		On exit  : 
		Unchanged: 
 Data sizes:     COMMON   BANK0   BANK1   BANK3   BANK2
      Params:         0       0       0       1       0
      Locals:         0       0       0       0       0
      Temps:          0       0       0       0       0
      Totals:         0       0       0       1       0
Total ram usage:        1 bytes
 Hardware stack levels used:    1
 Hardware stack levels required when called:    5
 This function calls:
		Nothing
 This function is called by:
		i1__doprnt
		__doprnt
 This function uses a non-reentrant model


 *************** function _isdigit *****************
 Defined at:
		line 8 in file "C:\Program Files (x86)\Microchip\xc8\v1.33\sources\common\isdigit.c"
 Parameters:    Size  Location     Type
  c               1    wreg     unsigned char 
 Auto vars:     Size  Location     Type
  c               1    2[BANK3 ] unsigned char 
 Return value:  Size  Location     Type
		None               void
 Registers used:
		wreg, status,2, status,0
 Tracked objects:
		On entry : 
		On exit  : 
		Unchanged: 
 Data sizes:     COMMON   BANK0   BANK1   BANK3   BANK2
      Params:         0       0       0       0       0
      Locals:         0       0       0       2       0
      Temps:          0       0       0       0       0
      Totals:         0       0       0       2       0
Total ram usage:        2 bytes
 Hardware stack levels used:    1
 Hardware stack levels required when called:    5
 This function calls:
		Nothing
 This function is called by:
		__doprnt
 This function uses a non-reentrant model


 *************** function ___wmul *****************
 Defined at:
		line 15 in file "C:\Program Files (x86)\Microchip\xc8\v1.33\sources\common\Umul16.c"
 Parameters:    Size  Location     Type
  multiplier      2    1[BANK3 ] unsigned int 
  multiplicand    2    3[BANK3 ] unsigned int 
 Auto vars:     Size  Location     Type
  product         2    5[BANK3 ] unsigned int 
 Return value:  Size  Location     Type
                  2    1[BANK3 ] unsigned int 
 Registers used:
		wreg, status,2, status,0
 Tracked objects:
		On entry : 
		On exit  : 
		Unchanged: 
 Data sizes:     COMMON   BANK0   BANK1   BANK3   BANK2
      Params:         0       0       0       4       0
      Locals:         0       0       0       2       0
      Temps:          0       0       0       0       0
      Totals:         0       0       0       6       0
Total ram usage:        6 bytes
 Hardware stack levels used:    1
 Hardware stack levels required when called:    5
 This function calls:
		Nothing
 This function is called by:
		__doprnt
 This function uses a non-reentrant model


 *************** function ___lwmod *****************
 Defined at:
		line 6 in file "C:\Program Files (x86)\Microchip\xc8\v1.33\sources\common\lwmod.c"
 Parameters:    Size  Location     Type
  divisor         2    9[BANK3 ] unsigned int 
  dividend        2   11[BANK3 ] unsigned int 
 Auto vars:     Size  Location     Type
  counter         1   14[BANK3 ] unsigned char 
 Return value:  Size  Location     Type
                  2    9[BANK3 ] unsigned int 
 Registers used:
		wreg, status,2, status,0
 Tracked objects:
		On entry : 
		On exit  : 
		Unchanged: 
 Data sizes:     COMMON   BANK0   BANK1   BANK3   BANK2
      Params:         0       0       0       4       0
      Locals:         0       0       0       1       0
      Temps:          0       0       0       1       0
      Totals:         0       0       0       6       0
Total ram usage:        6 bytes
 Hardware stack levels used:    1
 Hardware stack levels required when called:    5
 This function calls:
		Nothing
 This function is called by:
		__doprnt
 This function uses a non-reentrant model


 *************** function ___lwdiv *****************
 Defined at:
		line 6 in file "C:\Program Files (x86)\Microchip\xc8\v1.33\sources\common\lwdiv.c"
 Parameters:    Size  Location     Type
  divisor         2    1[BANK3 ] unsigned int 
  dividend        2    3[BANK3 ] unsigned int 
 Auto vars:     Size  Location     Type
  quotient        2    7[BANK3 ] unsigned int 
  counter         1    6[BANK3 ] unsigned char 
 Return value:  Size  Location     Type
                  2    1[BANK3 ] unsigned int 
 Registers used:
		wreg, status,2, status,0
 Tracked objects:
		On entry : 
		On exit  : 
		Unchanged: 
 Data sizes:     COMMON   BANK0   BANK1   BANK3   BANK2
      Params:         0       0       0       4       0
      Locals:         0       0       0       3       0
      Temps:          0       0       0       1       0
      Totals:         0       0       0       8       0
Total ram usage:        8 bytes
 Hardware stack levels used:    1
 Hardware stack levels required when called:    5
 This function calls:
		Nothing
 This function is called by:
		__doprnt
 This function uses a non-reentrant model


 *************** function _USART_WriteString *****************
 Defined at:
		line 52 in file "C:\Users\332414\Desktop\Fuzzy-IA2\Código em C no MPLAB\usart.c"
 Parameters:    Size  Location     Type
  str             2    2[BANK3 ] PTR const unsigned char 
		 -> STR_11(40), STR_10(3), display(10), STR_7(20), 
		 -> STR_6(29), 
 Auto vars:     Size  Location     Type
		None
 Return value:  Size  Location     Type
		None               void
 Registers used:
		wreg, fsr0l, fsr0h, status,2, status,0, btemp+1, pclath, cstack
 Tracked objects:
		On entry : 
		On exit  : 
		Unchanged: 
 Data sizes:     COMMON   BANK0   BANK1   BANK3   BANK2
      Params:         0       0       0       2       0
      Locals:         0       0       0       0       0
      Temps:          0       0       0       0       0
      Totals:         0       0       0       2       0
Total ram usage:        2 bytes
 Hardware stack levels used:    1
 Hardware stack levels required when called:    6
 This function calls:
		_USART_WriteChar
 This function is called by:
		_main
		_USART_ReceiveChar
 This function uses a non-reentrant model


 *************** function _USART_WriteChar *****************
 Defined at:
		line 44 in file "C:\Users\332414\Desktop\Fuzzy-IA2\Código em C no MPLAB\usart.c"
 Parameters:    Size  Location     Type
  byte            1    wreg     unsigned char 
 Auto vars:     Size  Location     Type
  byte            1    1[BANK3 ] unsigned char 
 Return value:  Size  Location     Type
		None               void
 Registers used:
		wreg
 Tracked objects:
		On entry : 
		On exit  : 
		Unchanged: 
 Data sizes:     COMMON   BANK0   BANK1   BANK3   BANK2
      Params:         0       0       0       0       0
      Locals:         0       0       0       1       0
      Temps:          0       0       0       0       0
      Totals:         0       0       0       1       0
Total ram usage:        1 bytes
 Hardware stack levels used:    1
 Hardware stack levels required when called:    5
 This function calls:
		Nothing
 This function is called by:
		_USART_WriteString
 This function uses a non-reentrant model


 *************** function _USART_Init *****************
 Defined at:
		line 6 in file "C:\Users\332414\Desktop\Fuzzy-IA2\Código em C no MPLAB\usart.c"
 Parameters:    Size  Location     Type
  BaudRate        4   16[BANK3 ] long 
 Auto vars:     Size  Location     Type
		None
 Return value:  Size  Location     Type
		None               void
 Registers used:
		wreg, status,2, status,0, pclath, cstack
 Tracked objects:
		On entry : 
		On exit  : 
		Unchanged: 
 Data sizes:     COMMON   BANK0   BANK1   BANK3   BANK2
      Params:         0       0       0       4       0
      Locals:         0       0       0       0       0
      Temps:          0       0       0       4       0
      Totals:         0       0       0       8       0
Total ram usage:        8 bytes
 Hardware stack levels used:    1
 Hardware stack levels required when called:    6
 This function calls:
		___aldiv
 This function is called by:
		_main
 This function uses a non-reentrant model


 *************** function ___aldiv *****************
 Defined at:
		line 6 in file "C:\Program Files (x86)\Microchip\xc8\v1.33\sources\common\aldiv.c"
 Parameters:    Size  Location     Type
  divisor         4    1[BANK3 ] long 
  dividend        4    5[BANK3 ] long 
 Auto vars:     Size  Location     Type
  quotient        4   12[BANK3 ] long 
  sign            1   11[BANK3 ] unsigned char 
  counter         1   10[BANK3 ] unsigned char 
 Return value:  Size  Location     Type
                  4    1[BANK3 ] long 
 Registers used:
		wreg, status,2, status,0
 Tracked objects:
		On entry : 
		On exit  : 
		Unchanged: 
 Data sizes:     COMMON   BANK0   BANK1   BANK3   BANK2
      Params:         0       0       0       8       0
      Locals:         0       0       0       6       0
      Temps:          0       0       0       1       0
      Totals:         0       0       0      15       0
Total ram usage:       15 bytes
 Hardware stack levels used:    1
 Hardware stack levels required when called:    5
 This function calls:
		Nothing
 This function is called by:
		_USART_Init
 This function uses a non-reentrant model


 *************** function _TIMER0_Set *****************
 Defined at:
		line 20 in file "C:\Users\332414\Desktop\Fuzzy-IA2\Código em C no MPLAB\timers.c"
 Parameters:    Size  Location     Type
  contagens       1    wreg     unsigned char 
 Auto vars:     Size  Location     Type
  contagens       1    1[BANK3 ] unsigned char 
 Return value:  Size  Location     Type
		None               void
 Registers used:
		wreg
 Tracked objects:
		On entry : 
		On exit  : 
		Unchanged: 
 Data sizes:     COMMON   BANK0   BANK1   BANK3   BANK2
      Params:         0       0       0       0       0
      Locals:         0       0       0       1       0
      Temps:          0       0       0       0       0
      Totals:         0       0       0       1       0
Total ram usage:        1 bytes
 Hardware stack levels used:    1
 Hardware stack levels required when called:    5
 This function calls:
		Nothing
 This function is called by:
		_main
 This function uses a non-reentrant model


 *************** function _TIMER0_Init *****************
 Defined at:
		line 6 in file "C:\Users\332414\Desktop\Fuzzy-IA2\Código em C no MPLAB\timers.c"
 Parameters:    Size  Location     Type
		None
 Auto vars:     Size  Location     Type
		None
 Return value:  Size  Location     Type
		None               void
 Registers used:
		None
 Tracked objects:
		On entry : 
		On exit  : 
		Unchanged: 
 Data sizes:     COMMON   BANK0   BANK1   BANK3   BANK2
      Params:         0       0       0       0       0
      Locals:         0       0       0       0       0
      Temps:          0       0       0       0       0
      Totals:         0       0       0       0       0
Total ram usage:        0 bytes
 Hardware stack levels used:    1
 Hardware stack levels required when called:    5
 This function calls:
		Nothing
 This function is called by:
		_main
 This function uses a non-reentrant model


 *************** function _PWM_Init *****************
 Defined at:
		line 5 in file "C:\Users\332414\Desktop\Fuzzy-IA2\Código em C no MPLAB\pwm.c"
 Parameters:    Size  Location     Type
		None
 Auto vars:     Size  Location     Type
		None
 Return value:  Size  Location     Type
		None               void
 Registers used:
		wreg
 Tracked objects:
		On entry : 
		On exit  : 
		Unchanged: 
 Data sizes:     COMMON   BANK0   BANK1   BANK3   BANK2
      Params:         0       0       0       0       0
      Locals:         0       0       0       0       0
      Temps:          0       0       0       0       0
      Totals:         0       0       0       0       0
Total ram usage:        0 bytes
 Hardware stack levels used:    1
 Hardware stack levels required when called:    5
 This function calls:
		Nothing
 This function is called by:
		_main
 This function uses a non-reentrant model


 *************** function _PWM_DutyCycle2 *****************
 Defined at:
		line 96 in file "C:\Users\332414\Desktop\Fuzzy-IA2\Código em C no MPLAB\pwm.c"
 Parameters:    Size  Location     Type
  valor           2    1[BANK3 ] int 
 Auto vars:     Size  Location     Type
		None
 Return value:  Size  Location     Type
		None               void
 Registers used:
		wreg, status,2, status,0
 Tracked objects:
		On entry : 
		On exit  : 
		Unchanged: 
 Data sizes:     COMMON   BANK0   BANK1   BANK3   BANK2
      Params:         0       0       0       2       0
      Locals:         0       0       0       0       0
      Temps:          0       0       0       2       0
      Totals:         0       0       0       4       0
Total ram usage:        4 bytes
 Hardware stack levels used:    1
 Hardware stack levels required when called:    5
 This function calls:
		Nothing
 This function is called by:
		_main
 This function uses a non-reentrant model


 *************** function _PWM_DutyCycle1 *****************
 Defined at:
		line 64 in file "C:\Users\332414\Desktop\Fuzzy-IA2\Código em C no MPLAB\pwm.c"
 Parameters:    Size  Location     Type
  valor           2    1[BANK3 ] int 
 Auto vars:     Size  Location     Type
		None
 Return value:  Size  Location     Type
		None               void
 Registers used:
		wreg, status,2, status,0
 Tracked objects:
		On entry : 
		On exit  : 
		Unchanged: 
 Data sizes:     COMMON   BANK0   BANK1   BANK3   BANK2
      Params:         0       0       0       2       0
      Locals:         0       0       0       0       0
      Temps:          0       0       0       2       0
      Totals:         0       0       0       4       0
Total ram usage:        4 bytes
 Hardware stack levels used:    1
 Hardware stack levels required when called:    5
 This function calls:
		Nothing
 This function is called by:
		_main
 This function uses a non-reentrant model


 *************** function _LCD_WriteString *****************
 Defined at:
		line 61 in file "C:\Users\332414\Desktop\Fuzzy-IA2\Código em C no MPLAB\lcd.c"
 Parameters:    Size  Location     Type
  Str             1    wreg     PTR const unsigned char 
		 -> STR_8(17), 
 Auto vars:     Size  Location     Type
  Str             1    4[BANK3 ] PTR const unsigned char 
		 -> STR_8(17), 
 Return value:  Size  Location     Type
		None               void
 Registers used:
		wreg, fsr0l, fsr0h, status,2, status,0, pclath, cstack
 Tracked objects:
		On entry : 
		On exit  : 
		Unchanged: 
 Data sizes:     COMMON   BANK0   BANK1   BANK3   BANK2
      Params:         0       0       0       0       0
      Locals:         0       0       0       1       0
      Temps:          0       0       0       1       0
      Totals:         0       0       0       2       0
Total ram usage:        2 bytes
 Hardware stack levels used:    1
 Hardware stack levels required when called:    6
 This function calls:
		_LCD_WriteData
 This function is called by:
		_main
 This function uses a non-reentrant model


 *************** function _LCD_WriteData *****************
 Defined at:
		line 47 in file "C:\Users\332414\Desktop\Fuzzy-IA2\Código em C no MPLAB\lcd.c"
 Parameters:    Size  Location     Type
  Byte            1    wreg     unsigned char 
 Auto vars:     Size  Location     Type
  Byte            1    2[BANK3 ] unsigned char 
 Return value:  Size  Location     Type
		None               void
 Registers used:
		wreg
 Tracked objects:
		On entry : 
		On exit  : 
		Unchanged: 
 Data sizes:     COMMON   BANK0   BANK1   BANK3   BANK2
      Params:         0       0       0       0       0
      Locals:         0       0       0       1       0
      Temps:          0       0       0       1       0
      Totals:         0       0       0       2       0
Total ram usage:        2 bytes
 Hardware stack levels used:    1
 Hardware stack levels required when called:    5
 This function calls:
		Nothing
 This function is called by:
		_LCD_WriteString
 This function uses a non-reentrant model


 *************** function _LCD_Init *****************
 Defined at:
		line 87 in file "C:\Users\332414\Desktop\Fuzzy-IA2\Código em C no MPLAB\lcd.c"
 Parameters:    Size  Location     Type
		None
 Auto vars:     Size  Location     Type
		None
 Return value:  Size  Location     Type
		None               void
 Registers used:
		wreg, status,2, status,0, pclath, cstack
 Tracked objects:
		On entry : 
		On exit  : 
		Unchanged: 
 Data sizes:     COMMON   BANK0   BANK1   BANK3   BANK2
      Params:         0       0       0       0       0
      Locals:         0       0       0       0       0
      Temps:          0       0       0       2       0
      Totals:         0       0       0       2       0
Total ram usage:        2 bytes
 Hardware stack levels used:    1
 Hardware stack levels required when called:    6
 This function calls:
		_LCD_WriteCmd
 This function is called by:
		_main
 This function uses a non-reentrant model


 *************** function _LCD_WriteCmd *****************
 Defined at:
		line 32 in file "C:\Users\332414\Desktop\Fuzzy-IA2\Código em C no MPLAB\lcd.c"
 Parameters:    Size  Location     Type
  Byte            1    wreg     unsigned char 
 Auto vars:     Size  Location     Type
  Byte            1    2[BANK3 ] unsigned char 
 Return value:  Size  Location     Type
		None               void
 Registers used:
		wreg
 Tracked objects:
		On entry : 
		On exit  : 
		Unchanged: 
 Data sizes:     COMMON   BANK0   BANK1   BANK3   BANK2
      Params:         0       0       0       0       0
      Locals:         0       0       0       1       0
      Temps:          0       0       0       1       0
      Totals:         0       0       0       2       0
Total ram usage:        2 bytes
 Hardware stack levels used:    1
 Hardware stack levels required when called:    5
 This function calls:
		Nothing
 This function is called by:
		_LCD_Init
		_LCD_Clear
 This function uses a non-reentrant model


 *************** function _LCD_Cursor *****************
 Defined at:
		line 10 in file "C:\Users\332414\Desktop\Fuzzy-IA2\Código em C no MPLAB\lcd.c"
 Parameters:    Size  Location     Type
  Row             1    wreg     unsigned char 
  Col             1    1[BANK3 ] unsigned char 
 Auto vars:     Size  Location     Type
  Row             1    3[BANK3 ] unsigned char 
 Return value:  Size  Location     Type
		None               void
 Registers used:
		wreg, status,2, status,0
 Tracked objects:
		On entry : 
		On exit  : 
		Unchanged: 
 Data sizes:     COMMON   BANK0   BANK1   BANK3   BANK2
      Params:         0       0       0       1       0
      Locals:         0       0       0       1       0
      Temps:          0       0       0       1       0
      Totals:         0       0       0       3       0
Total ram usage:        3 bytes
 Hardware stack levels used:    1
 Hardware stack levels required when called:    5
 This function calls:
		Nothing
 This function is called by:
		_main
 This function uses a non-reentrant model


 *************** function _ADC_Init *****************
 Defined at:
		line 6 in file "C:\Users\332414\Desktop\Fuzzy-IA2\Código em C no MPLAB\adc.c"
 Parameters:    Size  Location     Type
		None
 Auto vars:     Size  Location     Type
		None
 Return value:  Size  Location     Type
		None               void
 Registers used:
		None
 Tracked objects:
		On entry : 
		On exit  : 
		Unchanged: 
 Data sizes:     COMMON   BANK0   BANK1   BANK3   BANK2
      Params:         0       0       0       0       0
      Locals:         0       0       0       0       0
      Temps:          0       0       0       0       0
      Totals:         0       0       0       0       0
Total ram usage:        0 bytes
 Hardware stack levels used:    1
 Hardware stack levels required when called:    5
 This function calls:
		Nothing
 This function is called by:
		_main
 This function uses a non-reentrant model


 *************** function _ISR *****************
 Defined at:
		line 84 in file "C:\Users\332414\Desktop\Fuzzy-IA2\Código em C no MPLAB\main.c"
 Parameters:    Size  Location     Type
		None
 Auto vars:     Size  Location     Type
		None
 Return value:  Size  Location     Type
		None               void
 Registers used:
		wreg, fsr0l, fsr0h, status,2, status,0, btemp+1, pclath, cstack
 Tracked objects:
		On entry : 
		On exit  : 
		Unchanged: 
 Data sizes:     COMMON   BANK0   BANK1   BANK3   BANK2
      Params:         0       0       0       0       0
      Locals:         0       0      27       0       0
      Temps:          0       4       0       0       0
      Totals:         0       4      27       0       0
Total ram usage:       31 bytes
 Hardware stack levels used:    1
 Hardware stack levels required when called:    4
 This function calls:
		___ftadd
		___ftdiv
		___ftge
		___ftmul
		___ftneg
		___fttol
		___lwtoft
		_trapezoidal
		i1_PWM_DutyCycle2
		i1_TIMER0_Set
 This function is called by:
		Interrupt level 1
 This function uses a non-reentrant model


 *************** function i1_TIMER0_Set *****************
 Defined at:
		line 20 in file "C:\Users\332414\Desktop\Fuzzy-IA2\Código em C no MPLAB\timers.c"
 Parameters:    Size  Location     Type
  contagens       1    wreg     unsigned char 
 Auto vars:     Size  Location     Type
  contagens       1    0[COMMON] unsigned char 
 Return value:  Size  Location     Type
		None               void
 Registers used:
		wreg
 Tracked objects:
		On entry : 
		On exit  : 
		Unchanged: 
 Data sizes:     COMMON   BANK0   BANK1   BANK3   BANK2
      Params:         0       0       0       0       0
      Locals:         1       0       0       0       0
      Temps:          0       0       0       0       0
      Totals:         1       0       0       0       0
Total ram usage:        1 bytes
 Hardware stack levels used:    1
 This function calls:
		Nothing
 This function is called by:
		_ISR
 This function uses a non-reentrant model


 *************** function i1_PWM_DutyCycle2 *****************
 Defined at:
		line 96 in file "C:\Users\332414\Desktop\Fuzzy-IA2\Código em C no MPLAB\pwm.c"
 Parameters:    Size  Location     Type
  valor           2   46[BANK0 ] int 
 Auto vars:     Size  Location     Type
		None
 Return value:  Size  Location     Type
		None               void
 Registers used:
		wreg, status,2, status,0
 Tracked objects:
		On entry : 
		On exit  : 
		Unchanged: 
 Data sizes:     COMMON   BANK0   BANK1   BANK3   BANK2
      Params:         0       2       0       0       0
      Locals:         0       0       0       0       0
      Temps:          2       0       0       0       0
      Totals:         2       2       0       0       0
Total ram usage:        4 bytes
 Hardware stack levels used:    1
 This function calls:
		Nothing
 This function is called by:
		_ISR
 This function uses a non-reentrant model


 *************** function _trapezoidal *****************
 Defined at:
		line 43 in file "C:\Users\332414\Desktop\Fuzzy-IA2\Código em C no MPLAB\main.c"
 Parameters:    Size  Location     Type
  x               3   48[BANK0 ] float 
  a               3   51[BANK0 ] float 
  b               3   54[BANK0 ] float 
  c               3   57[BANK0 ] float 
  d               3   60[BANK0 ] float 
 Auto vars:     Size  Location     Type
		None
 Return value:  Size  Location     Type
                  3   48[BANK0 ] float 
 Registers used:
		wreg, fsr0l, fsr0h, status,2, status,0, btemp+1, pclath, cstack
 Tracked objects:
		On entry : 
		On exit  : 
		Unchanged: 
 Data sizes:     COMMON   BANK0   BANK1   BANK3   BANK2
      Params:         0      15       0       0       0
      Locals:         0       0       0       0       0
      Temps:          0       0       0       0       0
      Totals:         0      15       0       0       0
Total ram usage:       15 bytes
 Hardware stack levels used:    1
 Hardware stack levels required when called:    3
 This function calls:
		___ftadd
		___ftdiv
		___ftge
		___ftneg
		_printf
 This function is called by:
		_ISR
 This function uses a non-reentrant model


 *************** function _printf *****************
 Defined at:
		line 13 in file "C:\Program Files (x86)\Microchip\xc8\v1.33\sources\common\printf.c"
 Parameters:    Size  Location     Type
  f               1    wreg     PTR const unsigned char 
		 -> STR_5(2), STR_4(2), STR_3(2), STR_2(2), 
		 -> STR_1(2), 
 Auto vars:     Size  Location     Type
  f               1   18[BANK0 ] PTR const unsigned char 
		 -> STR_5(2), STR_4(2), STR_3(2), STR_2(2), 
		 -> STR_1(2), 
  pb              2   20[BANK0 ] struct __prbuf
  ap              1   19[BANK0 ] PTR void [1]
		 -> ?_sprintf(2), ?_printf(2), 
 Return value:  Size  Location     Type
                  2    2[COMMON] int 
 Registers used:
		wreg, fsr0l, fsr0h, status,2, status,0, btemp+1, pclath, cstack
 Tracked objects:
		On entry : 
		On exit  : 
		Unchanged: 
 Data sizes:     COMMON   BANK0   BANK1   BANK3   BANK2
      Params:         0       0       0       0       0
      Locals:         0       4       0       0       0
      Temps:          0       1       0       0       0
      Totals:         0       5       0       0       0
Total ram usage:        5 bytes
 Hardware stack levels used:    1
 Hardware stack levels required when called:    2
 This function calls:
		i1__doprnt
 This function is called by:
		_trapezoidal
 This function uses a non-reentrant model


 *************** function i1__doprnt *****************
 Defined at:
		line 458 in file "C:\Program Files (x86)\Microchip\xc8\v1.33\sources\common\doprnt.c"
 Parameters:    Size  Location     Type
  pb              2    0[BANK0 ] PTR struct __prbuf
		 -> sprintf@pb(2), printf@pb(2), 
  f               1    2[BANK0 ] PTR const unsigned char 
		 -> STR_9(5), STR_5(2), STR_4(2), STR_3(2), 
		 -> STR_2(2), STR_1(2), 
  ap              2    3[BANK0 ] PTR PTR void 
		 -> sprintf@ap(1), printf@ap(1), 
 Auto vars:     Size  Location     Type
  _doprnt         4    9[BANK0 ] struct .
  _doprnt         2   14[BANK0 ] int 
  _doprnt         1   16[BANK0 ] char 
  _doprnt         1   13[BANK0 ] unsigned char 
  _doprnt         1    8[BANK0 ] char 
 Return value:  Size  Location     Type
                  2    0[BANK0 ] int 
 Registers used:
		wreg, fsr0l, fsr0h, status,2, status,0, btemp+1, pclath, cstack
 Tracked objects:
		On entry : 
		On exit  : 
		Unchanged: 
 Data sizes:     COMMON   BANK0   BANK1   BANK3   BANK2
      Params:         0       5       0       0       0
      Locals:         0       9       0       0       0
      Temps:          0       3       0       0       0
      Totals:         0      17       0       0       0
Total ram usage:       17 bytes
 Hardware stack levels used:    1
 Hardware stack levels required when called:    1
 This function calls:
		Absolute function
		i1___lwdiv
		i1___lwmod
		i1___wmul
		i1_isdigit
		i1_putch
 This function is called by:
		_printf
 This function uses a non-reentrant model


 *************** function i1_putch *****************
 Defined at:
		line 7 in file "C:\Program Files (x86)\Microchip\xc8\v1.33\sources\common\putch.c"
 Parameters:    Size  Location     Type
  c               1    0[COMMON] unsigned char 
 Auto vars:     Size  Location     Type
		None
 Return value:  Size  Location     Type
		None               void
 Registers used:
		None
 Tracked objects:
		On entry : 
		On exit  : 
		Unchanged: 
 Data sizes:     COMMON   BANK0   BANK1   BANK3   BANK2
      Params:         1       0       0       0       0
      Locals:         0       0       0       0       0
      Temps:          0       0       0       0       0
      Totals:         1       0       0       0       0
Total ram usage:        1 bytes
 Hardware stack levels used:    1
 This function calls:
		Nothing
 This function is called by:
		_printf
 This function uses a non-reentrant model


 *************** function i1_isdigit *****************
 Defined at:
		line 8 in file "C:\Program Files (x86)\Microchip\xc8\v1.33\sources\common\isdigit.c"
 Parameters:    Size  Location     Type
  c               1    wreg     unsigned char 
 Auto vars:     Size  Location     Type
  c               1    1[COMMON] unsigned char 
 Return value:  Size  Location     Type
		None               void
 Registers used:
		wreg, status,2, status,0
 Tracked objects:
		On entry : 
		On exit  : 
		Unchanged: 
 Data sizes:     COMMON   BANK0   BANK1   BANK3   BANK2
      Params:         0       0       0       0       0
      Locals:         2       0       0       0       0
      Temps:          0       0       0       0       0
      Totals:         2       0       0       0       0
Total ram usage:        2 bytes
 Hardware stack levels used:    1
 This function calls:
		Nothing
 This function is called by:
		i1__doprnt
 This function uses a non-reentrant model


 *************** function i1___wmul *****************
 Defined at:
		line 15 in file "C:\Program Files (x86)\Microchip\xc8\v1.33\sources\common\Umul16.c"
 Parameters:    Size  Location     Type
  multiplier      2    0[COMMON] unsigned int 
  multiplicand    2    2[COMMON] unsigned int 
 Auto vars:     Size  Location     Type
  __wmul          2    4[COMMON] unsigned int 
 Return value:  Size  Location     Type
                  2    0[COMMON] unsigned int 
 Registers used:
		wreg, status,2, status,0
 Tracked objects:
		On entry : 
		On exit  : 
		Unchanged: 
 Data sizes:     COMMON   BANK0   BANK1   BANK3   BANK2
      Params:         4       0       0       0       0
      Locals:         2       0       0       0       0
      Temps:          0       0       0       0       0
      Totals:         6       0       0       0       0
Total ram usage:        6 bytes
 Hardware stack levels used:    1
 This function calls:
		Nothing
 This function is called by:
		i1__doprnt
 This function uses a non-reentrant model


 *************** function i1___lwmod *****************
 Defined at:
		line 6 in file "C:\Program Files (x86)\Microchip\xc8\v1.33\sources\common\lwmod.c"
 Parameters:    Size  Location     Type
  divisor         2    8[COMMON] unsigned int 
  dividend        2   10[COMMON] unsigned int 
 Auto vars:     Size  Location     Type
  __lwmod         1   13[COMMON] unsigned char 
 Return value:  Size  Location     Type
                  2    8[COMMON] unsigned int 
 Registers used:
		wreg, status,2, status,0
 Tracked objects:
		On entry : 
		On exit  : 
		Unchanged: 
 Data sizes:     COMMON   BANK0   BANK1   BANK3   BANK2
      Params:         4       0       0       0       0
      Locals:         1       0       0       0       0
      Temps:          1       0       0       0       0
      Totals:         6       0       0       0       0
Total ram usage:        6 bytes
 Hardware stack levels used:    1
 This function calls:
		Nothing
 This function is called by:
		i1__doprnt
 This function uses a non-reentrant model


 *************** function i1___lwdiv *****************
 Defined at:
		line 6 in file "C:\Program Files (x86)\Microchip\xc8\v1.33\sources\common\lwdiv.c"
 Parameters:    Size  Location     Type
  divisor         2    0[COMMON] unsigned int 
  dividend        2    2[COMMON] unsigned int 
 Auto vars:     Size  Location     Type
  __lwdiv         2    5[COMMON] unsigned int 
  __lwdiv         1    7[COMMON] unsigned char 
 Return value:  Size  Location     Type
                  2    0[COMMON] unsigned int 
 Registers used:
		wreg, status,2, status,0
 Tracked objects:
		On entry : 
		On exit  : 
		Unchanged: 
 Data sizes:     COMMON   BANK0   BANK1   BANK3   BANK2
      Params:         4       0       0       0       0
      Locals:         3       0       0       0       0
      Temps:          1       0       0       0       0
      Totals:         8       0       0       0       0
Total ram usage:        8 bytes
 Hardware stack levels used:    1
 This function calls:
		Nothing
 This function is called by:
		i1__doprnt
 This function uses a non-reentrant model


 *************** function ___ftneg *****************
 Defined at:
		line 15 in file "C:\Program Files (x86)\Microchip\xc8\v1.33\sources\common\ftneg.c"
 Parameters:    Size  Location     Type
  f1              3   45[BANK0 ] float 
 Auto vars:     Size  Location     Type
		None
 Return value:  Size  Location     Type
                  3   45[BANK0 ] float 
 Registers used:
		wreg
 Tracked objects:
		On entry : 
		On exit  : 
		Unchanged: 
 Data sizes:     COMMON   BANK0   BANK1   BANK3   BANK2
      Params:         0       3       0       0       0
      Locals:         0       0       0       0       0
      Temps:          0       0       0       0       0
      Totals:         0       3       0       0       0
Total ram usage:        3 bytes
 Hardware stack levels used:    1
 This function calls:
		Nothing
 This function is called by:
		_trapezoidal
		_ISR
		_triangular
 This function uses a non-reentrant model


 *************** function ___ftge *****************
 Defined at:
		line 4 in file "C:\Program Files (x86)\Microchip\xc8\v1.33\sources\common\ftge.c"
 Parameters:    Size  Location     Type
  ff1             3    0[COMMON] float 
  ff2             3    3[COMMON] float 
 Auto vars:     Size  Location     Type
		None
 Return value:  Size  Location     Type
		None               void
 Registers used:
		wreg, status,2, status,0
 Tracked objects:
		On entry : 
		On exit  : 
		Unchanged: 
 Data sizes:     COMMON   BANK0   BANK1   BANK3   BANK2
      Params:         6       0       0       0       0
      Locals:         0       0       0       0       0
      Temps:          6       0       0       0       0
      Totals:        12       0       0       0       0
Total ram usage:       12 bytes
 Hardware stack levels used:    1
 This function calls:
		Nothing
 This function is called by:
		_trapezoidal
		_ISR
		_triangular
 This function uses a non-reentrant model


 *************** function ___ftdiv *****************
 Defined at:
		line 49 in file "C:\Program Files (x86)\Microchip\xc8\v1.33\sources\pic\ftdiv.c"
 Parameters:    Size  Location     Type
  f2              3    0[BANK0 ] float 
  f1              3    3[BANK0 ] float 
 Auto vars:     Size  Location     Type
  f3              3   11[BANK0 ] float 
  sign            1   15[BANK0 ] unsigned char 
  exp             1   14[BANK0 ] unsigned char 
  cntr            1   10[BANK0 ] unsigned char 
 Return value:  Size  Location     Type
                  3    0[BANK0 ] float 
 Registers used:
		wreg, status,2, status,0, pclath, cstack
 Tracked objects:
		On entry : 
		On exit  : 
		Unchanged: 
 Data sizes:     COMMON   BANK0   BANK1   BANK3   BANK2
      Params:         0       6       0       0       0
      Locals:         0       6       0       0       0
      Temps:          0       4       0       0       0
      Totals:         0      16       0       0       0
Total ram usage:       16 bytes
 Hardware stack levels used:    1
 Hardware stack levels required when called:    1
 This function calls:
		___ftpack
 This function is called by:
		_trapezoidal
		_ISR
		_triangular
 This function uses a non-reentrant model


 *************** function ___ftadd *****************
 Defined at:
		line 86 in file "C:\Program Files (x86)\Microchip\xc8\v1.33\sources\common\ftadd.c"
 Parameters:    Size  Location     Type
  f1              3   32[BANK0 ] float 
  f2              3   35[BANK0 ] float 
 Auto vars:     Size  Location     Type
  exp1            1   44[BANK0 ] unsigned char 
  exp2            1   43[BANK0 ] unsigned char 
  sign            1   42[BANK0 ] unsigned char 
 Return value:  Size  Location     Type
                  3   32[BANK0 ] float 
 Registers used:
		wreg, status,2, status,0, pclath, cstack
 Tracked objects:
		On entry : 
		On exit  : 
		Unchanged: 
 Data sizes:     COMMON   BANK0   BANK1   BANK3   BANK2
      Params:         0       6       0       0       0
      Locals:         0       3       0       0       0
      Temps:          0       4       0       0       0
      Totals:         0      13       0       0       0
Total ram usage:       13 bytes
 Hardware stack levels used:    1
 Hardware stack levels required when called:    1
 This function calls:
		___ftpack
 This function is called by:
		_trapezoidal
		_ISR
		_triangular
 This function uses a non-reentrant model


 *************** function ___lwtoft *****************
 Defined at:
		line 28 in file "C:\Program Files (x86)\Microchip\xc8\v1.33\sources\common\lwtoft.c"
 Parameters:    Size  Location     Type
  c               2    8[COMMON] unsigned int 
 Auto vars:     Size  Location     Type
		None
 Return value:  Size  Location     Type
                  3    8[COMMON] float 
 Registers used:
		wreg, status,2, status,0, pclath, cstack
 Tracked objects:
		On entry : 
		On exit  : 
		Unchanged: 
 Data sizes:     COMMON   BANK0   BANK1   BANK3   BANK2
      Params:         3       0       0       0       0
      Locals:         0       0       0       0       0
      Temps:          1       0       0       0       0
      Totals:         4       0       0       0       0
Total ram usage:        4 bytes
 Hardware stack levels used:    1
 Hardware stack levels required when called:    1
 This function calls:
		___ftpack
 This function is called by:
		_ISR
 This function uses a non-reentrant model


 *************** function ___fttol *****************
 Defined at:
		line 44 in file "C:\Program Files (x86)\Microchip\xc8\v1.33\sources\common\fttol.c"
 Parameters:    Size  Location     Type
  f1              3   32[BANK0 ] float 
 Auto vars:     Size  Location     Type
  lval            4   41[BANK0 ] unsigned long 
  exp1            1   45[BANK0 ] unsigned char 
  sign1           1   40[BANK0 ] unsigned char 
 Return value:  Size  Location     Type
                  4   32[BANK0 ] long 
 Registers used:
		wreg, status,2, status,0
 Tracked objects:
		On entry : 
		On exit  : 
		Unchanged: 
 Data sizes:     COMMON   BANK0   BANK1   BANK3   BANK2
      Params:         0       4       0       0       0
      Locals:         0       6       0       0       0
      Temps:          0       4       0       0       0
      Totals:         0      14       0       0       0
Total ram usage:       14 bytes
 Hardware stack levels used:    1
 This function calls:
		Nothing
 This function is called by:
		_ISR
 This function uses a non-reentrant model


 *************** function ___ftmul *****************
 Defined at:
		line 62 in file "C:\Program Files (x86)\Microchip\xc8\v1.33\sources\common\ftmul.c"
 Parameters:    Size  Location     Type
  f1              3   16[BANK0 ] float 
  f2              3   19[BANK0 ] float 
 Auto vars:     Size  Location     Type
  f3_as_produc    3   27[BANK0 ] unsigned um
  sign            1   31[BANK0 ] unsigned char 
  cntr            1   30[BANK0 ] unsigned char 
  exp             1   26[BANK0 ] unsigned char 
 Return value:  Size  Location     Type
                  3   16[BANK0 ] float 
 Registers used:
		wreg, status,2, status,0, pclath, cstack
 Tracked objects:
		On entry : 
		On exit  : 
		Unchanged: 
 Data sizes:     COMMON   BANK0   BANK1   BANK3   BANK2
      Params:         0       6       0       0       0
      Locals:         0       6       0       0       0
      Temps:          0       4       0       0       0
      Totals:         0      16       0       0       0
Total ram usage:       16 bytes
 Hardware stack levels used:    1
 Hardware stack levels required when called:    1
 This function calls:
		___ftpack
 This function is called by:
		_ISR
 This function uses a non-reentrant model


 *************** function ___ftpack *****************
 Defined at:
		line 62 in file "C:\Program Files (x86)\Microchip\xc8\v1.33\sources\common\float.c"
 Parameters:    Size  Location     Type
  arg             3    0[COMMON] unsigned um
  exp             1    3[COMMON] unsigned char 
  sign            1    4[COMMON] unsigned char 
 Auto vars:     Size  Location     Type
		None
 Return value:  Size  Location     Type
                  3    0[COMMON] float 
 Registers used:
		wreg, status,2, status,0
 Tracked objects:
		On entry : 
		On exit  : 
		Unchanged: 
 Data sizes:     COMMON   BANK0   BANK1   BANK3   BANK2
      Params:         5       0       0       0       0
      Locals:         0       0       0       0       0
      Temps:          3       0       0       0       0
      Totals:         8       0       0       0       0
Total ram usage:        8 bytes
 Hardware stack levels used:    1
 This function calls:
		Nothing
 This function is called by:
		___ftadd
		___ftdiv
		___ftmul
		___lwtoft
 This function uses a non-reentrant model



MODULE INFORMATION

Module		Function		Class		Link	Load	Size
C:\Program Files (x86)\Microchip\xc8\v1.33\sources\common\ftneg.c
		___ftneg       		CODE           	0893	0000	10

C:\Program Files (x86)\Microchip\xc8\v1.33\sources\common\ftneg.c estimated size: 10

C:\Program Files (x86)\Microchip\xc8\v1.33\sources\common\ftge.c
		___ftge        		CODE           	12F6	0000	93

C:\Program Files (x86)\Microchip\xc8\v1.33\sources\common\ftge.c estimated size: 93

C:\Program Files (x86)\Microchip\xc8\v1.33\sources\common\doprnt.c
		__doprnt       		CODE           	0D15	0000	747

C:\Program Files (x86)\Microchip\xc8\v1.33\sources\common\doprnt.c estimated size: 747

C:\Program Files (x86)\Microchip\xc8\v1.33\sources\common\float.c
		___ftpack      		CODE           	1353	0000	104

C:\Program Files (x86)\Microchip\xc8\v1.33\sources\common\float.c estimated size: 104

C:\Program Files (x86)\Microchip\xc8\v1.33\sources\common\sprintf.c
		_sprintf       		CODE           	114F	0000	34

C:\Program Files (x86)\Microchip\xc8\v1.33\sources\common\sprintf.c estimated size: 34

C:\Program Files (x86)\Microchip\xc8\v1.33\sources\common\lwmod.c
		___lwmod       		CODE           	1242	0000	54

C:\Program Files (x86)\Microchip\xc8\v1.33\sources\common\lwmod.c estimated size: 54

C:\Program Files (x86)\Microchip\xc8\v1.33\sources\common\Umul16.c
		___wmul        		CODE           	11B8	0000	37

C:\Program Files (x86)\Microchip\xc8\v1.33\sources\common\Umul16.c estimated size: 37

C:\Program Files (x86)\Microchip\xc8\v1.33\sources\common\putch.c
		_putch         		CODE           	00FF	0000	1

C:\Program Files (x86)\Microchip\xc8\v1.33\sources\common\putch.c estimated size: 1

C:\Program Files (x86)\Microchip\xc8\v1.33\sources\common\ftmul.c
		___ftmul       		CODE           	1545	0000	211

C:\Program Files (x86)\Microchip\xc8\v1.33\sources\common\ftmul.c estimated size: 211

C:\Users\332414\Desktop\Fuzzy-IA2\Código em C no MPLAB\pwm.c
		_PWM_DutyCycle1		CODE           	110D	0000	33
		_PWM_DutyCycle2		CODE           	112E	0000	33
		_PWM_Init      		CODE           	1194	0000	36

C:\Users\332414\Desktop\Fuzzy-IA2\Código em C no MPLAB\pwm.c estimated size: 102

C:\Program Files (x86)\Microchip\xc8\v1.33\sources\common\lwdiv.c
		___lwdiv       		CODE           	12B6	0000	64

C:\Program Files (x86)\Microchip\xc8\v1.33\sources\common\lwdiv.c estimated size: 64

C:\Users\332414\Desktop\Fuzzy-IA2\Código em C no MPLAB\adc.c
		_ADC_Init      		CODE           	1042	0000	18

C:\Users\332414\Desktop\Fuzzy-IA2\Código em C no MPLAB\adc.c estimated size: 18

C:\Program Files (x86)\Microchip\xc8\v1.33\sources\common\printf.c
		_printf        		CODE           	10B1	0000	28

C:\Program Files (x86)\Microchip\xc8\v1.33\sources\common\printf.c estimated size: 28

shared
		i1_TIMER0_Set  		CODE           	1000	0000	6
		i1_putch       		CODE           	0003	0000	1
		__stringtab    		STRING         	0800	0000	16
		i1_PWM_DutyCycl		CODE           	1096	0000	27
		__i1fptable    		CODE           	0109	0000	9
		__stringdata   		STRING         	081A	0000	121
		i1___lwdiv     		CODE           	1278	0000	62
		_dpowers       		STRING         	0810	0000	10
		i1_isdigit     		CODE           	1016	0000	14
		i1___wmul      		CODE           	1171	0000	35
		i1__doprnt     		CODE           	0A2C	0000	745
		i1___lwmod     		CODE           	120E	0000	52
		__initializatio		CODE           	0015	0000	35
		__fptable      		CODE           	0100	0000	9

shared estimated size: 1142

C:\Program Files (x86)\Microchip\xc8\v1.33\sources\common\aldiv.c
		___aldiv       		CODE           	14B6	0000	143

C:\Program Files (x86)\Microchip\xc8\v1.33\sources\common\aldiv.c estimated size: 143

C:\Users\332414\Desktop\Fuzzy-IA2\Código em C no MPLAB\usart.c
		_USART_WriteCha		CODE           	1024	0000	14
		_USART_WriteStr		CODE           	11DD	0000	49
		_USART_Init    		CODE           	07B5	0000	75

C:\Users\332414\Desktop\Fuzzy-IA2\Código em C no MPLAB\usart.c estimated size: 138

C:\Program Files (x86)\Microchip\xc8\v1.33\sources\common\fttol.c
		___fttol       		CODE           	1428	0000	142

C:\Program Files (x86)\Microchip\xc8\v1.33\sources\common\fttol.c estimated size: 142

C:\Program Files (x86)\Microchip\xc8\v1.33\sources\common\ftadd.c
		___ftadd       		CODE           	16F7	0000	265

C:\Program Files (x86)\Microchip\xc8\v1.33\sources\common\ftadd.c estimated size: 265

C:\Users\332414\Desktop\Fuzzy-IA2\Código em C no MPLAB\lcd.c
		_LCD_Init      		CODE           	13BB	0000	109
		_LCD_WriteStrin		CODE           	10ED	0000	32
		_LCD_Cursor    		CODE           	10CD	0000	32
		_LCD_WriteCmd  		CODE           	1068	0000	23
		_LCD_WriteData 		CODE           	107F	0000	23

C:\Users\332414\Desktop\Fuzzy-IA2\Código em C no MPLAB\lcd.c estimated size: 219

C:\Program Files (x86)\Microchip\xc8\v1.33\sources\pic\ftdiv.c
		___ftdiv       		CODE           	003C	0000	184

C:\Program Files (x86)\Microchip\xc8\v1.33\sources\pic\ftdiv.c estimated size: 184

C:\Program Files (x86)\Microchip\xc8\v1.33\sources\common\lwtoft.c
		___lwtoft      		CODE           	1054	0000	20

C:\Program Files (x86)\Microchip\xc8\v1.33\sources\common\lwtoft.c estimated size: 20

C:\Users\332414\Desktop\Fuzzy-IA2\Código em C no MPLAB\main.c
		_ISR           		CODE           	0112	0000	1699
		_main          		CODE           	1618	0000	223
		_trapezoidal   		CODE           	089D	0000	399

C:\Users\332414\Desktop\Fuzzy-IA2\Código em C no MPLAB\main.c estimated size: 2321

C:\Users\332414\Desktop\Fuzzy-IA2\Código em C no MPLAB\timers.c
		_TIMER0_Set    		CODE           	1006	0000	8
		_TIMER0_Init   		CODE           	00F4	0000	11

C:\Users\332414\Desktop\Fuzzy-IA2\Código em C no MPLAB\timers.c estimated size: 19

C:\Program Files (x86)\Microchip\xc8\v1.33\sources\common\isdigit.c
		_isdigit       		CODE           	1032	0000	16

C:\Program Files (x86)\Microchip\xc8\v1.33\sources\common\isdigit.c estimated size: 16

